Archive member included to satisfy reference by file (symbol)

/home/florijan/gnuarmemb/gcc-arm-none-eabi-9-2019-q4-major/bin/../lib/gcc/arm-none-eabi/9.2.1/../../../../arm-none-eabi/lib/thumb/v7e-m+fp/hard/libc_nano.a(lib_a-exit.o)
                              /home/florijan/gnuarmemb/gcc-arm-none-eabi-9-2019-q4-major/bin/../lib/gcc/arm-none-eabi/9.2.1/../../../../arm-none-eabi/lib/thumb/v7e-m+fp/hard/crt0.o (exit)
/home/florijan/gnuarmemb/gcc-arm-none-eabi-9-2019-q4-major/bin/../lib/gcc/arm-none-eabi/9.2.1/../../../../arm-none-eabi/lib/thumb/v7e-m+fp/hard/libc_nano.a(lib_a-impure.o)
                              /home/florijan/gnuarmemb/gcc-arm-none-eabi-9-2019-q4-major/bin/../lib/gcc/arm-none-eabi/9.2.1/../../../../arm-none-eabi/lib/thumb/v7e-m+fp/hard/libc_nano.a(lib_a-exit.o) (_global_impure_ptr)
/home/florijan/gnuarmemb/gcc-arm-none-eabi-9-2019-q4-major/bin/../lib/gcc/arm-none-eabi/9.2.1/../../../../arm-none-eabi/lib/thumb/v7e-m+fp/hard/libc_nano.a(lib_a-init.o)
                              /home/florijan/gnuarmemb/gcc-arm-none-eabi-9-2019-q4-major/bin/../lib/gcc/arm-none-eabi/9.2.1/../../../../arm-none-eabi/lib/thumb/v7e-m+fp/hard/crt0.o (__libc_init_array)
/home/florijan/gnuarmemb/gcc-arm-none-eabi-9-2019-q4-major/bin/../lib/gcc/arm-none-eabi/9.2.1/../../../../arm-none-eabi/lib/thumb/v7e-m+fp/hard/libc_nano.a(lib_a-memcpy-stub.o)
                              _build/nrf52840_xxaa/nrf_memobj.c.o (memcpy)
/home/florijan/gnuarmemb/gcc-arm-none-eabi-9-2019-q4-major/bin/../lib/gcc/arm-none-eabi/9.2.1/../../../../arm-none-eabi/lib/thumb/v7e-m+fp/hard/libc_nano.a(lib_a-memset.o)
                              /home/florijan/gnuarmemb/gcc-arm-none-eabi-9-2019-q4-major/bin/../lib/gcc/arm-none-eabi/9.2.1/../../../../arm-none-eabi/lib/thumb/v7e-m+fp/hard/crt0.o (memset)
/home/florijan/gnuarmemb/gcc-arm-none-eabi-9-2019-q4-major/bin/../lib/gcc/arm-none-eabi/9.2.1/../../../../arm-none-eabi/lib/thumb/v7e-m+fp/hard/libc_nano.a(lib_a-printf.o)
                              _build/nrf52840_xxaa/main.c.o (printf)
/home/florijan/gnuarmemb/gcc-arm-none-eabi-9-2019-q4-major/bin/../lib/gcc/arm-none-eabi/9.2.1/../../../../arm-none-eabi/lib/thumb/v7e-m+fp/hard/libc_nano.a(lib_a-strlen.o)
                              _build/nrf52840_xxaa/nrf_fprintf_format.c.o (strlen)
/home/florijan/gnuarmemb/gcc-arm-none-eabi-9-2019-q4-major/bin/../lib/gcc/arm-none-eabi/9.2.1/../../../../arm-none-eabi/lib/thumb/v7e-m+fp/hard/libc_nano.a(lib_a-strstr.o)
                              _build/nrf52840_xxaa/main.c.o (strstr)
/home/florijan/gnuarmemb/gcc-arm-none-eabi-9-2019-q4-major/bin/../lib/gcc/arm-none-eabi/9.2.1/../../../../arm-none-eabi/lib/thumb/v7e-m+fp/hard/libc_nano.a(lib_a-findfp.o)
                              /home/florijan/gnuarmemb/gcc-arm-none-eabi-9-2019-q4-major/bin/../lib/gcc/arm-none-eabi/9.2.1/../../../../arm-none-eabi/lib/thumb/v7e-m+fp/hard/libc_nano.a(lib_a-printf.o) (__sinit)
/home/florijan/gnuarmemb/gcc-arm-none-eabi-9-2019-q4-major/bin/../lib/gcc/arm-none-eabi/9.2.1/../../../../arm-none-eabi/lib/thumb/v7e-m+fp/hard/libc_nano.a(lib_a-fwalk.o)
                              /home/florijan/gnuarmemb/gcc-arm-none-eabi-9-2019-q4-major/bin/../lib/gcc/arm-none-eabi/9.2.1/../../../../arm-none-eabi/lib/thumb/v7e-m+fp/hard/libc_nano.a(lib_a-findfp.o) (_fwalk)
/home/florijan/gnuarmemb/gcc-arm-none-eabi-9-2019-q4-major/bin/../lib/gcc/arm-none-eabi/9.2.1/../../../../arm-none-eabi/lib/thumb/v7e-m+fp/hard/libc_nano.a(lib_a-lock.o)
                              /home/florijan/gnuarmemb/gcc-arm-none-eabi-9-2019-q4-major/bin/../lib/gcc/arm-none-eabi/9.2.1/../../../../arm-none-eabi/lib/thumb/v7e-m+fp/hard/libc_nano.a(lib_a-findfp.o) (__retarget_lock_init_recursive)
/home/florijan/gnuarmemb/gcc-arm-none-eabi-9-2019-q4-major/bin/../lib/gcc/arm-none-eabi/9.2.1/../../../../arm-none-eabi/lib/thumb/v7e-m+fp/hard/libc_nano.a(lib_a-nano-mallocr.o)
                              /home/florijan/gnuarmemb/gcc-arm-none-eabi-9-2019-q4-major/bin/../lib/gcc/arm-none-eabi/9.2.1/../../../../arm-none-eabi/lib/thumb/v7e-m+fp/hard/libc_nano.a(lib_a-findfp.o) (_malloc_r)
/home/florijan/gnuarmemb/gcc-arm-none-eabi-9-2019-q4-major/bin/../lib/gcc/arm-none-eabi/9.2.1/../../../../arm-none-eabi/lib/thumb/v7e-m+fp/hard/libc_nano.a(lib_a-nano-vfprintf.o)
                              /home/florijan/gnuarmemb/gcc-arm-none-eabi-9-2019-q4-major/bin/../lib/gcc/arm-none-eabi/9.2.1/../../../../arm-none-eabi/lib/thumb/v7e-m+fp/hard/libc_nano.a(lib_a-printf.o) (_vfprintf_r)
/home/florijan/gnuarmemb/gcc-arm-none-eabi-9-2019-q4-major/bin/../lib/gcc/arm-none-eabi/9.2.1/../../../../arm-none-eabi/lib/thumb/v7e-m+fp/hard/libc_nano.a(lib_a-nano-vfprintf_i.o)
                              /home/florijan/gnuarmemb/gcc-arm-none-eabi-9-2019-q4-major/bin/../lib/gcc/arm-none-eabi/9.2.1/../../../../arm-none-eabi/lib/thumb/v7e-m+fp/hard/libc_nano.a(lib_a-nano-vfprintf.o) (_printf_i)
[...]
Memory Configuration

Name             Origin             Length             Attributes
FLASH            0x0000000000000000 0x0000000000100000 xr
RAM              0x0000000020000000 0x0000000000040000 xrw
*default*        0x0000000000000000 0xffffffffffffffff

Linker script and memory map


.text           0x0000000000000000     0x294c
 *(.isr_vector)
 .isr_vector    0x0000000000000000      0x200 _build/nrf52840_xxaa/gcc_startup_nrf52840.S.o
                0x0000000000000000                __isr_vector
 *(.text*)
 .text          0x0000000000000200       0x40 /home/florijan/gnuarmemb/gcc-arm-none-eabi-9-2019-q4-major/bin/../lib/gcc/arm-none-eabi/9.2.1/thumb/v7e-m+fp/hard/crtbegin.o
 .text          0x0000000000000240       0x74 /home/florijan/gnuarmemb/gcc-arm-none-eabi-9-2019-q4-major/bin/../lib/gcc/arm-none-eabi/9.2.1/../../../../arm-none-eabi/lib/thumb/v7e-m+fp/hard/crt0.o
                0x0000000000000240                _mainCRTStartup
                0x0000000000000240                _start
 .text          0x00000000000002b4       0x3c _build/nrf52840_xxaa/gcc_startup_nrf52840.S.o
                0x00000000000002b4                Reset_Handler
                0x00000000000002dc                NMI_Handler
                0x00000000000002de                HardFault_Handler
                0x00000000000002e0                MemoryManagement_Handler
                0x00000000000002e2                BusFault_Handler
                0x00000000000002e4                UsageFault_Handler
                0x00000000000002e6                SVC_Handler
                0x00000000000002e8                DebugMon_Handler
                0x00000000000002ea                PendSV_Handler
                0x00000000000002ec                SysTick_Handler
                0x00000000000002ee                TIMER2_IRQHandler
                0x00000000000002ee                RTC0_IRQHandler
                0x00000000000002ee                SWI0_EGU0_IRQHandler
                0x00000000000002ee                SWI2_EGU2_IRQHandler
                0x00000000000002ee                GPIOTE_IRQHandler
                0x00000000000002ee                PWM1_IRQHandler
                0x00000000000002ee                POWER_CLOCK_IRQHandler
                0x00000000000002ee                RADIO_IRQHandler
                0x00000000000002ee                PDM_IRQHandler
                0x00000000000002ee                TEMP_IRQHandler
                0x00000000000002ee                QDEC_IRQHandler
                0x00000000000002ee                TIMER3_IRQHandler
                0x00000000000002ee                PWM3_IRQHandler
                0x00000000000002ee                FPU_IRQHandler
                0x00000000000002ee                USBD_IRQHandler
                0x00000000000002ee                SPIM0_SPIS0_TWIM0_TWIS0_SPI0_TWI0_IRQHandler
                0x00000000000002ee                TIMER4_IRQHandler
                0x00000000000002ee                CRYPTOCELL_IRQHandler
                0x00000000000002ee                I2S_IRQHandler
                0x00000000000002ee                SWI4_EGU4_IRQHandler
                0x00000000000002ee                TIMER0_IRQHandler
                0x00000000000002ee                UARTE1_IRQHandler
                0x00000000000002ee                TIMER1_IRQHandler
                0x00000000000002ee                SPIM3_IRQHandler
                0x00000000000002ee                PWM2_IRQHandler
                0x00000000000002ee                ECB_IRQHandler
                0x00000000000002ee                SPIM1_SPIS1_TWIM1_TWIS1_SPI1_TWI1_IRQHandler
                0x00000000000002ee                Default_Handler
                0x00000000000002ee                SAADC_IRQHandler
                0x00000000000002ee                CCM_AAR_IRQHandler
                0x00000000000002ee                WDT_IRQHandler
                0x00000000000002ee                SWI5_EGU5_IRQHandler
                0x00000000000002ee                RNG_IRQHandler
                0x00000000000002ee                RTC2_IRQHandler
                0x00000000000002ee                PWM0_IRQHandler
                0x00000000000002ee                SWI3_EGU3_IRQHandler
                0x00000000000002ee                RTC1_IRQHandler
                0x00000000000002ee                SWI1_EGU1_IRQHandler
                0x00000000000002ee                SPIM2_SPIS2_SPI2_IRQHandler
                0x00000000000002ee                NFCT_IRQHandler
                0x00000000000002ee                MWU_IRQHandler
                0x00000000000002ee                QSPI_IRQHandler
                0x00000000000002ee                COMP_LPCOMP_IRQHandler
 .text.bsp_board_leds_off
                0x00000000000002f0       0x2c _build/nrf52840_xxaa/boards.c.o
                0x00000000000002f0                bsp_board_leds_off
 .text.bsp_board_leds_on
                0x000000000000031c       0x2c _build/nrf52840_xxaa/boards.c.o
                0x000000000000031c                bsp_board_leds_on
 .text.bsp_board_init
                0x0000000000000348       0x5c _build/nrf52840_xxaa/boards.c.o
                0x0000000000000348                bsp_board_init
 .text.app_error_handler_bare
                0x00000000000003a4       0x20 _build/nrf52840_xxaa/app_error.c.o
                0x00000000000003a4                app_error_handler_bare
 .text.app_error_fault_handler
                0x00000000000003c4       0x34 _build/nrf52840_xxaa/app_error_weak.c.o
                0x00000000000003c4                app_error_fault_handler
 .text.app_fifo_init
                0x00000000000003f8       0x20 _build/nrf52840_xxaa/app_fifo.c.o
                0x00000000000003f8                app_fifo_init
 .text.app_fifo_put
                0x0000000000000418       0x30 _build/nrf52840_xxaa/app_fifo.c.o
                0x0000000000000418                app_fifo_put
 .text.app_fifo_get
                0x0000000000000448       0x2c _build/nrf52840_xxaa/app_fifo.c.o
                0x0000000000000448                app_fifo_get
 .text.uart_event_handler
                0x0000000000000474      0x120 _build/nrf52840_xxaa/app_uart_fifo.c.o
 .text.app_uart_init
                0x0000000000000594       0xf8 _build/nrf52840_xxaa/app_uart_fifo.c.o
                0x0000000000000594                app_uart_init
 .text.app_uart_get
                0x000000000000068c       0x5c _build/nrf52840_xxaa/app_uart_fifo.c.o
                0x000000000000068c                app_uart_get
 .text.app_uart_put
                0x00000000000006e8       0x74 _build/nrf52840_xxaa/app_uart_fifo.c.o
                0x00000000000006e8                app_uart_put
 .text.app_util_critical_region_enter
                0x000000000000075c       0x10 _build/nrf52840_xxaa/app_util_platform.c.o
                0x000000000000075c                app_util_critical_region_enter
 .text.app_util_critical_region_exit
                0x000000000000076c       0x14 _build/nrf52840_xxaa/app_util_platform.c.o
                0x000000000000076c                app_util_critical_region_exit
 .text._write   0x0000000000000780       0x1c _build/nrf52840_xxaa/retarget.c.o
                0x0000000000000780                _write
 .text._read    0x000000000000079c       0x14 _build/nrf52840_xxaa/retarget.c.o
                0x000000000000079c                _read
 .text.uarte_evt_handler
                0x00000000000007b0       0x34 _build/nrf52840_xxaa/nrf_drv_uart.c.o
 .text.uart_evt_handler
                0x00000000000007e4       0x34 _build/nrf52840_xxaa/nrf_drv_uart.c.o
 .text.nrf_drv_uart_init
                0x0000000000000818       0x88 _build/nrf52840_xxaa/nrf_drv_uart.c.o
                0x0000000000000818                nrf_drv_uart_init
 .text.UARTE0_UART0_IRQHandler
                0x00000000000008a0        0xc _build/nrf52840_xxaa/nrfx_prs.c.o
                0x00000000000008a0                UARTE0_UART0_IRQHandler
 .text.nrfx_prs_acquire
                0x00000000000008ac       0x3c _build/nrf52840_xxaa/nrfx_prs.c.o
                0x00000000000008ac                nrfx_prs_acquire
 .text.nrfx_uart_0_irq_handler
                0x00000000000008e8      0x1c4 _build/nrf52840_xxaa/nrfx_uart.c.o
                0x00000000000008e8                nrfx_uart_0_irq_handler
 .text.nrfx_uart_init
                0x0000000000000aac      0x1f0 _build/nrf52840_xxaa/nrfx_uart.c.o
                0x0000000000000aac                nrfx_uart_init
 .text.nrfx_uart_tx
                0x0000000000000c9c       0xd0 _build/nrf52840_xxaa/nrfx_uart.c.o
                0x0000000000000c9c                nrfx_uart_tx
 .text.nrfx_uart_tx_in_progress
                0x0000000000000d6c       0x18 _build/nrf52840_xxaa/nrfx_uart.c.o
                0x0000000000000d6c                nrfx_uart_tx_in_progress
 .text.nrfx_uart_rx
                0x0000000000000d84      0x148 _build/nrf52840_xxaa/nrfx_uart.c.o
                0x0000000000000d84                nrfx_uart_rx
 .text.nrfx_uarte_0_irq_handler
                0x0000000000000ecc      0x168 _build/nrf52840_xxaa/nrfx_uarte.c.o
                0x0000000000000ecc                nrfx_uarte_0_irq_handler
 .text.nrfx_uarte_init
                0x0000000000001034      0x228 _build/nrf52840_xxaa/nrfx_uarte.c.o
                0x0000000000001034                nrfx_uarte_init
 .text.nrfx_uarte_tx
                0x000000000000125c       0xb4 _build/nrf52840_xxaa/nrfx_uarte.c.o
                0x000000000000125c                nrfx_uarte_tx
 .text.nrfx_uarte_tx_in_progress
                0x0000000000001310       0x1c _build/nrf52840_xxaa/nrfx_uarte.c.o
                0x0000000000001310                nrfx_uarte_tx_in_progress
 .text.nrfx_uarte_rx
                0x000000000000132c      0x130 _build/nrf52840_xxaa/nrfx_uarte.c.o
                0x000000000000132c                nrfx_uarte_rx
 .text.uart_error_handle
                0x000000000000145c       0xa0 _build/nrf52840_xxaa/main.c.o
                0x000000000000145c                uart_error_handle
 .text.startup.main
                0x00000000000014fc       0x5c _build/nrf52840_xxaa/main.c.o
                0x00000000000014fc                main
 .text.SystemInit
                0x0000000000001558      0x254 _build/nrf52840_xxaa/system_nrf52840.c.o
                0x0000000000001558                SystemInit
 .text.exit     0x00000000000017ac       0x28 /home/florijan/gnuarmemb/gcc-arm-none-eabi-9-2019-q4-major/bin/../lib/gcc/arm-none-eabi/9.2.1/../../../../arm-none-eabi/lib/thumb/v7e-m+fp/hard/libc_nano.a(lib_a-exit.o)
                0x00000000000017ac                exit
 .text.__libc_init_array
                0x00000000000017d4       0x48 /home/florijan/gnuarmemb/gcc-arm-none-eabi-9-2019-q4-major/bin/../lib/gcc/arm-none-eabi/9.2.1/../../../../arm-none-eabi/lib/thumb/v7e-m+fp/hard/libc_nano.a(lib_a-init.o)
                0x00000000000017d4                __libc_init_array
 .text.memset   0x000000000000181c       0x10 /home/florijan/gnuarmemb/gcc-arm-none-eabi-9-2019-q4-major/bin/../lib/gcc/arm-none-eabi/9.2.1/../../../../arm-none-eabi/lib/thumb/v7e-m+fp/hard/libc_nano.a(lib_a-memset.o)
                0x000000000000181c                memset
 .text.printf   0x000000000000182c       0x30 /home/florijan/gnuarmemb/gcc-arm-none-eabi-9-2019-q4-major/bin/../lib/gcc/arm-none-eabi/9.2.1/../../../../arm-none-eabi/lib/thumb/v7e-m+fp/hard/libc_nano.a(lib_a-printf.o)
                0x000000000000182c                printf
                0x000000000000182c                iprintf
 .text.strstr   0x000000000000185c       0x2e /home/florijan/gnuarmemb/gcc-arm-none-eabi-9-2019-q4-major/bin/../lib/gcc/arm-none-eabi/9.2.1/../../../../arm-none-eabi/lib/thumb/v7e-m+fp/hard/libc_nano.a(lib_a-strstr.o)
                0x000000000000185c                strstr
 *fill*         0x000000000000188a        0x2 
 .text.std      0x000000000000188c       0x48 /home/florijan/gnuarmemb/gcc-arm-none-eabi-9-2019-q4-major/bin/../lib/gcc/arm-none-eabi/9.2.1/../../../../arm-none-eabi/lib/thumb/v7e-m+fp/hard/libc_nano.a(lib_a-findfp.o)
 .text._cleanup_r
                0x00000000000018d4        0xc /home/florijan/gnuarmemb/gcc-arm-none-eabi-9-2019-q4-major/bin/../lib/gcc/arm-none-eabi/9.2.1/../../../../arm-none-eabi/lib/thumb/v7e-m+fp/hard/libc_nano.a(lib_a-findfp.o)
                0x00000000000018d4                _cleanup_r
 .text.__sfmoreglue
                0x00000000000018e0       0x2c /home/florijan/gnuarmemb/gcc-arm-none-eabi-9-2019-q4-major/bin/../lib/gcc/arm-none-eabi/9.2.1/../../../../arm-none-eabi/lib/thumb/v7e-m+fp/hard/libc_nano.a(lib_a-findfp.o)
                0x00000000000018e0                __sfmoreglue
 .text.__sfp_lock_acquire
                0x000000000000190c        0xc /home/florijan/gnuarmemb/gcc-arm-none-eabi-9-2019-q4-major/bin/../lib/gcc/arm-none-eabi/9.2.1/../../../../arm-none-eabi/lib/thumb/v7e-m+fp/hard/libc_nano.a(lib_a-findfp.o)
                0x000000000000190c                __sfp_lock_acquire
 .text.__sfp_lock_release
                0x0000000000001918        0xc /home/florijan/gnuarmemb/gcc-arm-none-eabi-9-2019-q4-major/bin/../lib/gcc/arm-none-eabi/9.2.1/../../../../arm-none-eabi/lib/thumb/v7e-m+fp/hard/libc_nano.a(lib_a-findfp.o)
                0x0000000000001918                __sfp_lock_release
 .text.__sinit_lock_acquire
                0x0000000000001924        0xc /home/florijan/gnuarmemb/gcc-arm-none-eabi-9-2019-q4-major/bin/../lib/gcc/arm-none-eabi/9.2.1/../../../../arm-none-eabi/lib/thumb/v7e-m+fp/hard/libc_nano.a(lib_a-findfp.o)
                0x0000000000001924                __sinit_lock_acquire
 .text.__sinit_lock_release
                0x0000000000001930        0xc /home/florijan/gnuarmemb/gcc-arm-none-eabi-9-2019-q4-major/bin/../lib/gcc/arm-none-eabi/9.2.1/../../../../arm-none-eabi/lib/thumb/v7e-m+fp/hard/libc_nano.a(lib_a-findfp.o)
                0x0000000000001930                __sinit_lock_release
 .text.__sinit  0x000000000000193c       0x70 /home/florijan/gnuarmemb/gcc-arm-none-eabi-9-2019-q4-major/bin/../lib/gcc/arm-none-eabi/9.2.1/../../../../arm-none-eabi/lib/thumb/v7e-m+fp/hard/libc_nano.a(lib_a-findfp.o)
                0x000000000000193c                __sinit
 .text.__sfp    0x00000000000019ac       0x8c /home/florijan/gnuarmemb/gcc-arm-none-eabi-9-2019-q4-major/bin/../lib/gcc/arm-none-eabi/9.2.1/../../../../arm-none-eabi/lib/thumb/v7e-m+fp/hard/libc_nano.a(lib_a-findfp.o)
                0x00000000000019ac                __sfp
 .text._fwalk_reent
                0x0000000000001a38       0x3e /home/florijan/gnuarmemb/gcc-arm-none-eabi-9-2019-q4-major/bin/../lib/gcc/arm-none-eabi/9.2.1/../../../../arm-none-eabi/lib/thumb/v7e-m+fp/hard/libc_nano.a(lib_a-fwalk.o)
                0x0000000000001a38                _fwalk_reent
 .text.__retarget_lock_init_recursive
                0x0000000000001a76        0x2 /home/florijan/gnuarmemb/gcc-arm-none-eabi-9-2019-q4-major/bin/../lib/gcc/arm-none-eabi/9.2.1/../../../../arm-none-eabi/lib/thumb/v7e-m+fp/hard/libc_nano.a(lib_a-lock.o)
                0x0000000000001a76                __retarget_lock_init_recursive
 .text.__retarget_lock_acquire_recursive
                0x0000000000001a78        0x2 /home/florijan/gnuarmemb/gcc-arm-none-eabi-9-2019-q4-major/bin/../lib/gcc/arm-none-eabi/9.2.1/../../../../arm-none-eabi/lib/thumb/v7e-m+fp/hard/libc_nano.a(lib_a-lock.o)
                0x0000000000001a78                __retarget_lock_acquire_recursive
 .text.__retarget_lock_release_recursive
                0x0000000000001a7a        0x2 /home/florijan/gnuarmemb/gcc-arm-none-eabi-9-2019-q4-major/bin/../lib/gcc/arm-none-eabi/9.2.1/../../../../arm-none-eabi/lib/thumb/v7e-m+fp/hard/libc_nano.a(lib_a-lock.o)
                0x0000000000001a7a                __retarget_lock_release_recursive
 .text._malloc_r
                0x0000000000001a7c       0xb4 /home/florijan/gnuarmemb/gcc-arm-none-eabi-9-2019-q4-major/bin/../lib/gcc/arm-none-eabi/9.2.1/../../../../arm-none-eabi/lib/thumb/v7e-m+fp/hard/libc_nano.a(lib_a-nano-mallocr.o)
                0x0000000000001a7c                _malloc_r
 .text.__sfputc_r
                0x0000000000001b30       0x2e /home/florijan/gnuarmemb/gcc-arm-none-eabi-9-2019-q4-major/bin/../lib/gcc/arm-none-eabi/9.2.1/../../../../arm-none-eabi/lib/thumb/v7e-m+fp/hard/libc_nano.a(lib_a-nano-vfprintf.o)
 .text.__sfputs_r
                0x0000000000001b5e       0x24 /home/florijan/gnuarmemb/gcc-arm-none-eabi-9-2019-q4-major/bin/../lib/gcc/arm-none-eabi/9.2.1/../../../../arm-none-eabi/lib/thumb/v7e-m+fp/hard/libc_nano.a(lib_a-nano-vfprintf.o)
                0x0000000000001b5e                __sfputs_r
 *fill*         0x0000000000001b82        0x2 
 .text._vfprintf_r
                0x0000000000001b84      0x260 /home/florijan/gnuarmemb/gcc-arm-none-eabi-9-2019-q4-major/bin/../lib/gcc/arm-none-eabi/9.2.1/../../../../arm-none-eabi/lib/thumb/v7e-m+fp/hard/libc_nano.a(lib_a-nano-vfprintf.o)
                0x0000000000001b84                _vfiprintf_r
                0x0000000000001b84                _vfprintf_r
 .text._printf_common
                0x0000000000001de4       0xda /home/florijan/gnuarmemb/gcc-arm-none-eabi-9-2019-q4-major/bin/../lib/gcc/arm-none-eabi/9.2.1/../../../../arm-none-eabi/lib/thumb/v7e-m+fp/hard/libc_nano.a(lib_a-nano-vfprintf_i.o)
                0x0000000000001de4                _printf_common
 *fill*         0x0000000000001ebe        0x2 
 .text._printf_i
                0x0000000000001ec0      0x24c /home/florijan/gnuarmemb/gcc-arm-none-eabi-9-2019-q4-major/bin/../lib/gcc/arm-none-eabi/9.2.1/../../../../arm-none-eabi/lib/thumb/v7e-m+fp/hard/libc_nano.a(lib_a-nano-vfprintf_i.o)
                0x0000000000001ec0                _printf_i
 .text._sbrk_r  0x000000000000210c       0x20 /home/florijan/gnuarmemb/gcc-arm-none-eabi-9-2019-q4-major/bin/../lib/gcc/arm-none-eabi/9.2.1/../../../../arm-none-eabi/lib/thumb/v7e-m+fp/hard/libc_nano.a(lib_a-sbrkr.o)
                0x000000000000210c                _sbrk_r
 .text.__sread  0x000000000000212c       0x22 /home/florijan/gnuarmemb/gcc-arm-none-eabi-9-2019-q4-major/bin/../lib/gcc/arm-none-eabi/9.2.1/../../../../arm-none-eabi/lib/thumb/v7e-m+fp/hard/libc_nano.a(lib_a-stdio.o)
                0x000000000000212c                __sread
 .text.__swrite
                0x000000000000214e       0x38 /home/florijan/gnuarmemb/gcc-arm-none-eabi-9-2019-q4-major/bin/../lib/gcc/arm-none-eabi/9.2.1/../../../../arm-none-eabi/lib/thumb/v7e-m+fp/hard/libc_nano.a(lib_a-stdio.o)
                0x000000000000214e                __swrite
 .text.__sseek  0x0000000000002186       0x24 /home/florijan/gnuarmemb/gcc-arm-none-eabi-9-2019-q4-major/bin/../lib/gcc/arm-none-eabi/9.2.1/../../../../arm-none-eabi/lib/thumb/v7e-m+fp/hard/libc_nano.a(lib_a-stdio.o)
                0x0000000000002186                __sseek
 .text.__sclose
                0x00000000000021aa        0x8 /home/florijan/gnuarmemb/gcc-arm-none-eabi-9-2019-q4-major/bin/../lib/gcc/arm-none-eabi/9.2.1/../../../../arm-none-eabi/lib/thumb/v7e-m+fp/hard/libc_nano.a(lib_a-stdio.o)
                0x00000000000021aa                __sclose
 *fill*         0x00000000000021b2        0x2 
 .text.__swbuf_r
                0x00000000000021b4       0xa4 /home/florijan/gnuarmemb/gcc-arm-none-eabi-9-2019-q4-major/bin/../lib/gcc/arm-none-eabi/9.2.1/../../../../arm-none-eabi/lib/thumb/v7e-m+fp/hard/libc_nano.a(lib_a-wbuf.o)
                0x00000000000021b4                __swbuf_r
 .text._write_r
                0x0000000000002258       0x24 /home/florijan/gnuarmemb/gcc-arm-none-eabi-9-2019-q4-major/bin/../lib/gcc/arm-none-eabi/9.2.1/../../../../arm-none-eabi/lib/thumb/v7e-m+fp/hard/libc_nano.a(lib_a-writer.o)
                0x0000000000002258                _write_r
 .text.__swsetup_r
                0x000000000000227c       0xdc /home/florijan/gnuarmemb/gcc-arm-none-eabi-9-2019-q4-major/bin/../lib/gcc/arm-none-eabi/9.2.1/../../../../arm-none-eabi/lib/thumb/v7e-m+fp/hard/libc_nano.a(lib_a-wsetup.o)
                0x000000000000227c                __swsetup_r
 .text._close_r
                0x0000000000002358       0x20 /home/florijan/gnuarmemb/gcc-arm-none-eabi-9-2019-q4-major/bin/../lib/gcc/arm-none-eabi/9.2.1/../../../../arm-none-eabi/lib/thumb/v7e-m+fp/hard/libc_nano.a(lib_a-closer.o)
                0x0000000000002358                _close_r
 .text.__sflush_r
                0x0000000000002378      0x10c /home/florijan/gnuarmemb/gcc-arm-none-eabi-9-2019-q4-major/bin/../lib/gcc/arm-none-eabi/9.2.1/../../../../arm-none-eabi/lib/thumb/v7e-m+fp/hard/libc_nano.a(lib_a-fflush.o)
                0x0000000000002378                __sflush_r
 .text._fflush_r
                0x0000000000002484       0x78 /home/florijan/gnuarmemb/gcc-arm-none-eabi-9-2019-q4-major/bin/../lib/gcc/arm-none-eabi/9.2.1/../../../../arm-none-eabi/lib/thumb/v7e-m+fp/hard/libc_nano.a(lib_a-fflush.o)
                0x0000000000002484                _fflush_r
 .text._lseek_r
                0x00000000000024fc       0x24 /home/florijan/gnuarmemb/gcc-arm-none-eabi-9-2019-q4-major/bin/../lib/gcc/arm-none-eabi/9.2.1/../../../../arm-none-eabi/lib/thumb/v7e-m+fp/hard/libc_nano.a(lib_a-lseekr.o)
                0x00000000000024fc                _lseek_r
 .text.__swhatbuf_r
                0x0000000000002520       0x48 /home/florijan/gnuarmemb/gcc-arm-none-eabi-9-2019-q4-major/bin/../lib/gcc/arm-none-eabi/9.2.1/../../../../arm-none-eabi/lib/thumb/v7e-m+fp/hard/libc_nano.a(lib_a-makebuf.o)
                0x0000000000002520                __swhatbuf_r
 .text.__smakebuf_r
                0x0000000000002568       0x80 /home/florijan/gnuarmemb/gcc-arm-none-eabi-9-2019-q4-major/bin/../lib/gcc/arm-none-eabi/9.2.1/../../../../arm-none-eabi/lib/thumb/v7e-m+fp/hard/libc_nano.a(lib_a-makebuf.o)
                0x0000000000002568                __smakebuf_r
 *fill*         0x00000000000025e8        0x8 
 .text          0x00000000000025f0       0xa0 /home/florijan/gnuarmemb/gcc-arm-none-eabi-9-2019-q4-major/bin/../lib/gcc/arm-none-eabi/9.2.1/../../../../arm-none-eabi/lib/thumb/v7e-m+fp/hard/libc_nano.a(lib_a-memchr.o)
                0x00000000000025f0                memchr
 .text.__malloc_lock
                0x0000000000002690        0xc /home/florijan/gnuarmemb/gcc-arm-none-eabi-9-2019-q4-major/bin/../lib/gcc/arm-none-eabi/9.2.1/../../../../arm-none-eabi/lib/thumb/v7e-m+fp/hard/libc_nano.a(lib_a-mlock.o)
                0x0000000000002690                __malloc_lock
 .text.__malloc_unlock
                0x000000000000269c        0xc /home/florijan/gnuarmemb/gcc-arm-none-eabi-9-2019-q4-major/bin/../lib/gcc/arm-none-eabi/9.2.1/../../../../arm-none-eabi/lib/thumb/v7e-m+fp/hard/libc_nano.a(lib_a-mlock.o)
                0x000000000000269c                __malloc_unlock
 .text._free_r  0x00000000000026a8       0xa0 /home/florijan/gnuarmemb/gcc-arm-none-eabi-9-2019-q4-major/bin/../lib/gcc/arm-none-eabi/9.2.1/../../../../arm-none-eabi/lib/thumb/v7e-m+fp/hard/libc_nano.a(lib_a-nano-freer.o)
                0x00000000000026a8                _free_r
 .text._read_r  0x0000000000002748       0x24 /home/florijan/gnuarmemb/gcc-arm-none-eabi-9-2019-q4-major/bin/../lib/gcc/arm-none-eabi/9.2.1/../../../../arm-none-eabi/lib/thumb/v7e-m+fp/hard/libc_nano.a(lib_a-readr.o)
                0x0000000000002748                _read_r
 .text._fstat_r
                0x000000000000276c       0x24 /home/florijan/gnuarmemb/gcc-arm-none-eabi-9-2019-q4-major/bin/../lib/gcc/arm-none-eabi/9.2.1/../../../../arm-none-eabi/lib/thumb/v7e-m+fp/hard/libc_nano.a(lib_a-fstatr.o)
                0x000000000000276c                _fstat_r
 .text._isatty_r
                0x0000000000002790       0x20 /home/florijan/gnuarmemb/gcc-arm-none-eabi-9-2019-q4-major/bin/../lib/gcc/arm-none-eabi/9.2.1/../../../../arm-none-eabi/lib/thumb/v7e-m+fp/hard/libc_nano.a(lib_a-isattyr.o)
                0x0000000000002790                _isatty_r
 .text._close   0x00000000000027b0       0x10 /home/florijan/gnuarmemb/gcc-arm-none-eabi-9-2019-q4-major/bin/../lib/gcc/arm-none-eabi/9.2.1/../../../../arm-none-eabi/lib/thumb/v7e-m+fp/hard/libnosys.a(close.o)
                0x00000000000027b0                _close
 .text._fstat   0x00000000000027c0       0x10 /home/florijan/gnuarmemb/gcc-arm-none-eabi-9-2019-q4-major/bin/../lib/gcc/arm-none-eabi/9.2.1/../../../../arm-none-eabi/lib/thumb/v7e-m+fp/hard/libnosys.a(fstat.o)
                0x00000000000027c0                _fstat
 .text._isatty  0x00000000000027d0       0x10 /home/florijan/gnuarmemb/gcc-arm-none-eabi-9-2019-q4-major/bin/../lib/gcc/arm-none-eabi/9.2.1/../../../../arm-none-eabi/lib/thumb/v7e-m+fp/hard/libnosys.a(isatty.o)
                0x00000000000027d0                _isatty
 .text._lseek   0x00000000000027e0       0x10 /home/florijan/gnuarmemb/gcc-arm-none-eabi-9-2019-q4-major/bin/../lib/gcc/arm-none-eabi/9.2.1/../../../../arm-none-eabi/lib/thumb/v7e-m+fp/hard/libnosys.a(lseek.o)
                0x00000000000027e0                _lseek
 .text._sbrk    0x00000000000027f0       0x1c /home/florijan/gnuarmemb/gcc-arm-none-eabi-9-2019-q4-major/bin/../lib/gcc/arm-none-eabi/9.2.1/../../../../arm-none-eabi/lib/thumb/v7e-m+fp/hard/libnosys.a(sbrk.o)
                0x00000000000027f0                _sbrk
 .text._exit    0x000000000000280c        0x4 /home/florijan/gnuarmemb/gcc-arm-none-eabi-9-2019-q4-major/bin/../lib/gcc/arm-none-eabi/9.2.1/../../../../arm-none-eabi/lib/thumb/v7e-m+fp/hard/libnosys.a(_exit.o)
                0x000000000000280c                _exit
 *(.init)
 .init          0x0000000000002810        0x4 /home/florijan/gnuarmemb/gcc-arm-none-eabi-9-2019-q4-major/bin/../lib/gcc/arm-none-eabi/9.2.1/thumb/v7e-m+fp/hard/crti.o
                0x0000000000002810                _init
 .init          0x0000000000002814        0x8 /home/florijan/gnuarmemb/gcc-arm-none-eabi-9-2019-q4-major/bin/../lib/gcc/arm-none-eabi/9.2.1/thumb/v7e-m+fp/hard/crtn.o
 *(.fini)
 .fini          0x000000000000281c        0x4 /home/florijan/gnuarmemb/gcc-arm-none-eabi-9-2019-q4-major/bin/../lib/gcc/arm-none-eabi/9.2.1/thumb/v7e-m+fp/hard/crti.o
                0x000000000000281c                _fini
 .fini          0x0000000000002820        0x8 /home/florijan/gnuarmemb/gcc-arm-none-eabi-9-2019-q4-major/bin/../lib/gcc/arm-none-eabi/9.2.1/thumb/v7e-m+fp/hard/crtn.o
 *crtbegin.o(.ctors)
 *crtbegin?.o(.ctors)
 *(EXCLUDE_FILE(*crtend.o *crtend?.o) .ctors)
 *(SORT_BY_NAME(.ctors.*))
 *(.ctors)
 *crtbegin.o(.dtors)
 *crtbegin?.o(.dtors)
 *(EXCLUDE_FILE(*crtend.o *crtend?.o) .dtors)
 *(SORT_BY_NAME(.dtors.*))
 *(.dtors)
 *(.rodata*)
 .rodata        0x0000000000002828       0x20 _build/nrf52840_xxaa/app_uart_fifo.c.o
 .rodata.uart_error_handle.str1.4
                0x0000000000002848       0x24 _build/nrf52840_xxaa/main.c.o
 .rodata.main.str1.4
                0x000000000000286c       0x1a _build/nrf52840_xxaa/main.c.o
 *fill*         0x0000000000002886        0x2 
 .rodata        0x0000000000002888       0x18 _build/nrf52840_xxaa/main.c.o
 .rodata.CSWTCH.15
                0x00000000000028a0        0x6 _build/nrf52840_xxaa/system_nrf52840.c.o
 *fill*         0x00000000000028a6        0x2 
 .rodata.CSWTCH.6
                0x00000000000028a8        0x6 _build/nrf52840_xxaa/system_nrf52840.c.o
 *fill*         0x00000000000028ae        0x2 
 .rodata._global_impure_ptr
                0x00000000000028b0        0x4 /home/florijan/gnuarmemb/gcc-arm-none-eabi-9-2019-q4-major/bin/../lib/gcc/arm-none-eabi/9.2.1/../../../../arm-none-eabi/lib/thumb/v7e-m+fp/hard/libc_nano.a(lib_a-impure.o)
                0x00000000000028b0                _global_impure_ptr
 .rodata.__sf_fake_stderr
                0x00000000000028b4       0x20 /home/florijan/gnuarmemb/gcc-arm-none-eabi-9-2019-q4-major/bin/../lib/gcc/arm-none-eabi/9.2.1/../../../../arm-none-eabi/lib/thumb/v7e-m+fp/hard/libc_nano.a(lib_a-findfp.o)
                0x00000000000028b4                __sf_fake_stderr
 .rodata.__sf_fake_stdin
                0x00000000000028d4       0x20 /home/florijan/gnuarmemb/gcc-arm-none-eabi-9-2019-q4-major/bin/../lib/gcc/arm-none-eabi/9.2.1/../../../../arm-none-eabi/lib/thumb/v7e-m+fp/hard/libc_nano.a(lib_a-findfp.o)
                0x00000000000028d4                __sf_fake_stdin
 .rodata.__sf_fake_stdout
                0x00000000000028f4       0x20 /home/florijan/gnuarmemb/gcc-arm-none-eabi-9-2019-q4-major/bin/../lib/gcc/arm-none-eabi/9.2.1/../../../../arm-none-eabi/lib/thumb/v7e-m+fp/hard/libc_nano.a(lib_a-findfp.o)
                0x00000000000028f4                __sf_fake_stdout
 .rodata._vfprintf_r.str1.1
                0x0000000000002914       0x11 /home/florijan/gnuarmemb/gcc-arm-none-eabi-9-2019-q4-major/bin/../lib/gcc/arm-none-eabi/9.2.1/../../../../arm-none-eabi/lib/thumb/v7e-m+fp/hard/libc_nano.a(lib_a-nano-vfprintf.o)
 .rodata._printf_i.str1.1
                0x0000000000002925       0x22 /home/florijan/gnuarmemb/gcc-arm-none-eabi-9-2019-q4-major/bin/../lib/gcc/arm-none-eabi/9.2.1/../../../../arm-none-eabi/lib/thumb/v7e-m+fp/hard/libc_nano.a(lib_a-nano-vfprintf_i.o)
 *(.eh_frame*)
 *fill*         0x0000000000002947        0x1 
 .eh_frame      0x0000000000002948        0x0 /home/florijan/gnuarmemb/gcc-arm-none-eabi-9-2019-q4-major/bin/../lib/gcc/arm-none-eabi/9.2.1/thumb/v7e-m+fp/hard/crtbegin.o
 .eh_frame      0x0000000000002948        0x4 /home/florijan/gnuarmemb/gcc-arm-none-eabi-9-2019-q4-major/bin/../lib/gcc/arm-none-eabi/9.2.1/thumb/v7e-m+fp/hard/crtend.o

.glue_7         0x000000000000294c        0x0
 .glue_7        0x000000000000294c        0x0 linker stubs

.glue_7t        0x000000000000294c        0x0
 .glue_7t       0x000000000000294c        0x0 linker stubs

.vfp11_veneer   0x000000000000294c        0x0
 .vfp11_veneer  0x000000000000294c        0x0 linker stubs

.v4_bx          0x000000000000294c        0x0
 .v4_bx         0x000000000000294c        0x0 linker stubs

.iplt           0x000000000000294c        0x0
 .iplt          0x000000000000294c        0x0 /home/florijan/gnuarmemb/gcc-arm-none-eabi-9-2019-q4-major/bin/../lib/gcc/arm-none-eabi/9.2.1/thumb/v7e-m+fp/hard/crtbegin.o

.mem_section_dummy_rom

.log_const_data
                0x000000000000294c        0x0
                [!provide]                        PROVIDE (__start_log_const_data = .)
 *(SORT_BY_NAME(.log_const_data*))
                [!provide]                        PROVIDE (__stop_log_const_data = .)

.log_backends   0x000000000000294c        0x0
                [!provide]                        PROVIDE (__start_log_backends = .)
 *(SORT_BY_NAME(.log_backends*))
                [!provide]                        PROVIDE (__stop_log_backends = .)

.nrf_balloc     0x000000000000294c        0x0
                [!provide]                        PROVIDE (__start_nrf_balloc = .)
 *(.nrf_balloc)
                [!provide]                        PROVIDE (__stop_nrf_balloc = .)

.ARM.extab
 *(.ARM.extab* .gnu.linkonce.armextab.*)
                0x000000000000294c                __exidx_start = .

.ARM.exidx      0x000000000000294c        0x8
 *(.ARM.exidx* .gnu.linkonce.armexidx.*)
 .ARM.exidx     0x000000000000294c        0x8 /home/florijan/gnuarmemb/gcc-arm-none-eabi-9-2019-q4-major/bin/../lib/gcc/arm-none-eabi/9.2.1/../../../../arm-none-eabi/lib/thumb/v7e-m+fp/hard/crt0.o
                0x0000000000002954                __exidx_end = .

.rel.dyn        0x0000000000002954        0x0
 .rel.iplt      0x0000000000002954        0x0 /home/florijan/gnuarmemb/gcc-arm-none-eabi-9-2019-q4-major/bin/../lib/gcc/arm-none-eabi/9.2.1/thumb/v7e-m+fp/hard/crtbegin.o
                0x0000000000002954                . = ALIGN (0x4)
                0x0000000000002954                __etext = .

.data           0x0000000020000000       0x84 load address 0x0000000000002954
                0x0000000020000000                __data_start__ = .
 *(vtable)
 *(.data*)
 .data.app_uart_inst
                0x0000000020000000       0x14 _build/nrf52840_xxaa/app_uart_fifo.c.o
 .data.SystemCoreClock
                0x0000000020000014        0x4 _build/nrf52840_xxaa/system_nrf52840.c.o
                0x0000000020000014                SystemCoreClock
 .data._impure_ptr
                0x0000000020000018        0x4 /home/florijan/gnuarmemb/gcc-arm-none-eabi-9-2019-q4-major/bin/../lib/gcc/arm-none-eabi/9.2.1/../../../../arm-none-eabi/lib/thumb/v7e-m+fp/hard/libc_nano.a(lib_a-impure.o)
                0x0000000020000018                _impure_ptr
 .data.impure_data
                0x000000002000001c       0x60 /home/florijan/gnuarmemb/gcc-arm-none-eabi-9-2019-q4-major/bin/../lib/gcc/arm-none-eabi/9.2.1/../../../../arm-none-eabi/lib/thumb/v7e-m+fp/hard/libc_nano.a(lib_a-impure.o)
                0x000000002000007c                . = ALIGN (0x4)
                0x000000002000007c                PROVIDE (__preinit_array_start = .)
 *(.preinit_array)
                0x000000002000007c                PROVIDE (__preinit_array_end = .)
                0x000000002000007c                . = ALIGN (0x4)
                0x000000002000007c                PROVIDE (__init_array_start = .)
 *(SORT_BY_NAME(.init_array.*))
 *(.init_array)
 .init_array    0x000000002000007c        0x4 /home/florijan/gnuarmemb/gcc-arm-none-eabi-9-2019-q4-major/bin/../lib/gcc/arm-none-eabi/9.2.1/thumb/v7e-m+fp/hard/crtbegin.o
                0x0000000020000080                PROVIDE (__init_array_end = .)
                0x0000000020000080                . = ALIGN (0x4)
                [!provide]                        PROVIDE (__fini_array_start = .)
 *(SORT_BY_NAME(.fini_array.*))
 *(.fini_array)
 .fini_array    0x0000000020000080        0x4 /home/florijan/gnuarmemb/gcc-arm-none-eabi-9-2019-q4-major/bin/../lib/gcc/arm-none-eabi/9.2.1/thumb/v7e-m+fp/hard/crtbegin.o
                [!provide]                        PROVIDE (__fini_array_end = .)
 *(.jcr*)
                0x0000000020000084                . = ALIGN (0x4)
                0x0000000020000084                __data_end__ = .
LOAD /home/florijan/gnuarmemb/gcc-arm-none-eabi-9-2019-q4-major/bin/../lib/gcc/arm-none-eabi/9.2.1/thumb/v7e-m+fp/hard/crti.o
LOAD /home/florijan/gnuarmemb/gcc-arm-none-eabi-9-2019-q4-major/bin/../lib/gcc/arm-none-eabi/9.2.1/thumb/v7e-m+fp/hard/crtbegin.o
LOAD /home/florijan/gnuarmemb/gcc-arm-none-eabi-9-2019-q4-major/bin/../lib/gcc/arm-none-eabi/9.2.1/../../../../arm-none-eabi/lib/thumb/v7e-m+fp/hard/crt0.o
LOAD _build/nrf52840_xxaa/gcc_startup_nrf52840.S.o
LOAD _build/nrf52840_xxaa/nrf_log_frontend.c.o
LOAD _build/nrf52840_xxaa/nrf_log_str_formatter.c.o
LOAD _build/nrf52840_xxaa/boards.c.o
LOAD _build/nrf52840_xxaa/app_error.c.o
LOAD _build/nrf52840_xxaa/app_error_handler_gcc.c.o
LOAD _build/nrf52840_xxaa/app_error_weak.c.o
LOAD _build/nrf52840_xxaa/app_fifo.c.o
LOAD _build/nrf52840_xxaa/app_uart_fifo.c.o
LOAD _build/nrf52840_xxaa/app_util_platform.c.o
LOAD _build/nrf52840_xxaa/nrf_assert.c.o
LOAD _build/nrf52840_xxaa/nrf_atomic.c.o
LOAD _build/nrf52840_xxaa/nrf_balloc.c.o
LOAD _build/nrf52840_xxaa/nrf_fprintf.c.o
LOAD _build/nrf52840_xxaa/nrf_fprintf_format.c.o
LOAD _build/nrf52840_xxaa/nrf_memobj.c.o
LOAD _build/nrf52840_xxaa/nrf_ringbuf.c.o
LOAD _build/nrf52840_xxaa/nrf_strerror.c.o
LOAD _build/nrf52840_xxaa/retarget.c.o
LOAD _build/nrf52840_xxaa/nrf_drv_uart.c.o
LOAD _build/nrf52840_xxaa/nrfx_atomic.c.o
LOAD _build/nrf52840_xxaa/nrfx_prs.c.o
LOAD _build/nrf52840_xxaa/nrfx_uart.c.o
LOAD _build/nrf52840_xxaa/nrfx_uarte.c.o
LOAD _build/nrf52840_xxaa/main.c.o
LOAD _build/nrf52840_xxaa/system_nrf52840.c.o
LOAD /home/florijan/gnuarmemb/gcc-arm-none-eabi-9-2019-q4-major/bin/../lib/gcc/arm-none-eabi/9.2.1/../../../../arm-none-eabi/lib/thumb/v7e-m+fp/hard/libc_nano.a
LOAD /home/florijan/gnuarmemb/gcc-arm-none-eabi-9-2019-q4-major/bin/../lib/gcc/arm-none-eabi/9.2.1/../../../../arm-none-eabi/lib/thumb/v7e-m+fp/hard/libnosys.a
LOAD /home/florijan/gnuarmemb/gcc-arm-none-eabi-9-2019-q4-major/bin/../lib/gcc/arm-none-eabi/9.2.1/../../../../arm-none-eabi/lib/thumb/v7e-m+fp/hard/libm.a
START GROUP
LOAD /home/florijan/gnuarmemb/gcc-arm-none-eabi-9-2019-q4-major/bin/../lib/gcc/arm-none-eabi/9.2.1/thumb/v7e-m+fp/hard/libgcc.a
LOAD /home/florijan/gnuarmemb/gcc-arm-none-eabi-9-2019-q4-major/bin/../lib/gcc/arm-none-eabi/9.2.1/../../../../arm-none-eabi/lib/thumb/v7e-m+fp/hard/libg_nano.a
LOAD /home/florijan/gnuarmemb/gcc-arm-none-eabi-9-2019-q4-major/bin/../lib/gcc/arm-none-eabi/9.2.1/../../../../arm-none-eabi/lib/thumb/v7e-m+fp/hard/libc_nano.a
END GROUP
START GROUP
LOAD /home/florijan/gnuarmemb/gcc-arm-none-eabi-9-2019-q4-major/bin/../lib/gcc/arm-none-eabi/9.2.1/thumb/v7e-m+fp/hard/libgcc.a
LOAD /home/florijan/gnuarmemb/gcc-arm-none-eabi-9-2019-q4-major/bin/../lib/gcc/arm-none-eabi/9.2.1/../../../../arm-none-eabi/lib/thumb/v7e-m+fp/hard/libc_nano.a
END GROUP
LOAD /home/florijan/gnuarmemb/gcc-arm-none-eabi-9-2019-q4-major/bin/../lib/gcc/arm-none-eabi/9.2.1/thumb/v7e-m+fp/hard/crtend.o
LOAD /home/florijan/gnuarmemb/gcc-arm-none-eabi-9-2019-q4-major/bin/../lib/gcc/arm-none-eabi/9.2.1/thumb/v7e-m+fp/hard/crtn.o
START GROUP
LOAD /home/florijan/gnuarmemb/gcc-arm-none-eabi-9-2019-q4-major/bin/../lib/gcc/arm-none-eabi/9.2.1/thumb/v7e-m+fp/hard/libgcc.a
LOAD /home/florijan/gnuarmemb/gcc-arm-none-eabi-9-2019-q4-major/bin/../lib/gcc/arm-none-eabi/9.2.1/../../../../arm-none-eabi/lib/thumb/v7e-m+fp/hard/libc.a
LOAD /home/florijan/gnuarmemb/gcc-arm-none-eabi-9-2019-q4-major/bin/../lib/gcc/arm-none-eabi/9.2.1/../../../../arm-none-eabi/lib/thumb/v7e-m+fp/hard/libnosys.a
END GROUP

.igot.plt       0x0000000020000084        0x0 load address 0x00000000000029d8
 .igot.plt      0x0000000020000084        0x0 /home/florijan/gnuarmemb/gcc-arm-none-eabi-9-2019-q4-major/bin/../lib/gcc/arm-none-eabi/9.2.1/thumb/v7e-m+fp/hard/crtbegin.o
                0x0000000020000084                . = ALIGN (0x4)

.mem_section_dummy_ram

.log_dynamic_data
                0x0000000020000084        0x0
                [!provide]                        PROVIDE (__start_log_dynamic_data = .)
 *(SORT_BY_NAME(.log_dynamic_data*))
                [!provide]                        PROVIDE (__stop_log_dynamic_data = .)

.log_filter_data
                0x0000000020000084        0x0
                [!provide]                        PROVIDE (__start_log_filter_data = .)
 *(SORT_BY_NAME(.log_filter_data*))
                [!provide]                        PROVIDE (__stop_log_filter_data = .)

.bss            0x0000000020000088      0x340 load address 0x00000000000029e0
                0x0000000020000088                . = ALIGN (0x4)
                0x0000000020000088                __bss_start__ = .
 *(.bss*)
 .bss           0x0000000020000088       0x1c /home/florijan/gnuarmemb/gcc-arm-none-eabi-9-2019-q4-major/bin/../lib/gcc/arm-none-eabi/9.2.1/thumb/v7e-m+fp/hard/crtbegin.o
 .bss.m_event_handler
                0x00000000200000a4        0x4 _build/nrf52840_xxaa/app_uart_fifo.c.o
 .bss.m_rx_fifo
                0x00000000200000a8       0x10 _build/nrf52840_xxaa/app_uart_fifo.c.o
 .bss.m_rx_ovf  0x00000000200000b8        0x1 _build/nrf52840_xxaa/app_uart_fifo.c.o
 *fill*         0x00000000200000b9        0x3 
 .bss.m_tx_fifo
                0x00000000200000bc       0x10 _build/nrf52840_xxaa/app_uart_fifo.c.o
 .bss.rx_buffer
                0x00000000200000cc        0x1 _build/nrf52840_xxaa/app_uart_fifo.c.o
 *fill*         0x00000000200000cd        0x3 
 .bss.tx_buffer
                0x00000000200000d0        0x1 _build/nrf52840_xxaa/app_uart_fifo.c.o
 *fill*         0x00000000200000d1        0x3 
 .bss.m_in_critical_region
                0x00000000200000d4        0x4 _build/nrf52840_xxaa/app_util_platform.c.o
 .bss.m_contexts
                0x00000000200000d8        0x8 _build/nrf52840_xxaa/nrf_drv_uart.c.o
 .bss.m_handlers
                0x00000000200000e0        0x8 _build/nrf52840_xxaa/nrf_drv_uart.c.o
 .bss.m_prs_box_4
                0x00000000200000e8        0x8 _build/nrf52840_xxaa/nrfx_prs.c.o
 .bss.m_cb      0x00000000200000f0       0x2c _build/nrf52840_xxaa/nrfx_uart.c.o
 *fill*         0x000000002000011c        0x4 
 .bss.m_cb      0x0000000020000120       0x24 _build/nrf52840_xxaa/nrfx_uarte.c.o
 .bss.rx_buf.9461
                0x0000000020000144      0x100 _build/nrf52840_xxaa/main.c.o
 .bss.tx_buf.9462
                0x0000000020000244      0x100 _build/nrf52840_xxaa/main.c.o
 .bss.__malloc_free_list
                0x0000000020000344        0x4 /home/florijan/gnuarmemb/gcc-arm-none-eabi-9-2019-q4-major/bin/../lib/gcc/arm-none-eabi/9.2.1/../../../../arm-none-eabi/lib/thumb/v7e-m+fp/hard/libc_nano.a(lib_a-nano-mallocr.o)
                0x0000000020000344                __malloc_free_list
 .bss.__malloc_sbrk_start
                0x0000000020000348        0x4 /home/florijan/gnuarmemb/gcc-arm-none-eabi-9-2019-q4-major/bin/../lib/gcc/arm-none-eabi/9.2.1/../../../../arm-none-eabi/lib/thumb/v7e-m+fp/hard/libc_nano.a(lib_a-nano-mallocr.o)
                0x0000000020000348                __malloc_sbrk_start
 .bss.heap_end.5507
                0x000000002000034c        0x4 /home/florijan/gnuarmemb/gcc-arm-none-eabi-9-2019-q4-major/bin/../lib/gcc/arm-none-eabi/9.2.1/../../../../arm-none-eabi/lib/thumb/v7e-m+fp/hard/libnosys.a(sbrk.o)
 *(COMMON)
 COMMON         0x0000000020000350        0x2 _build/nrf52840_xxaa/nrf_drv_uart.c.o
                0x0000000020000350                nrf_drv_uart_use_easy_dma
 *fill*         0x0000000020000352        0x2 
 COMMON         0x0000000020000354       0x65 _build/nrf52840_xxaa/main.c.o
                0x0000000020000354                rx_buff
                0x00000000200003b8                i
 COMMON         0x00000000200003b9        0x9 /home/florijan/gnuarmemb/gcc-arm-none-eabi-9-2019-q4-major/bin/../lib/gcc/arm-none-eabi/9.2.1/../../../../arm-none-eabi/lib/thumb/v7e-m+fp/hard/libc_nano.a(lib_a-lock.o)
                0x00000000200003b9                __lock___atexit_recursive_mutex
                0x00000000200003ba                __lock___arc4random_mutex
                0x00000000200003bb                __lock___env_recursive_mutex
                0x00000000200003bc                __lock___sinit_recursive_mutex
                0x00000000200003bd                __lock___malloc_recursive_mutex
                0x00000000200003be                __lock___at_quick_exit_mutex
                0x00000000200003bf                __lock___dd_hash_mutex
                0x00000000200003c0                __lock___tz_mutex
                0x00000000200003c1                __lock___sfp_recursive_mutex
 *fill*         0x00000000200003c2        0x2 
 COMMON         0x00000000200003c4        0x4 /home/florijan/gnuarmemb/gcc-arm-none-eabi-9-2019-q4-major/bin/../lib/gcc/arm-none-eabi/9.2.1/../../../../arm-none-eabi/lib/thumb/v7e-m+fp/hard/libc_nano.a(lib_a-reent.o)
                0x00000000200003c4                errno
                0x00000000200003c8                . = ALIGN (0x4)
                0x00000000200003c8                __bss_end__ = .

.heap           0x00000000200003c8     0x2000
                0x00000000200003c8                __HeapBase = .
                0x00000000200003c8                __end__ = .
                0x00000000200003c8                PROVIDE (end = .)
 *(.heap*)
 .heap          0x00000000200003c8     0x2000 _build/nrf52840_xxaa/gcc_startup_nrf52840.S.o
                0x00000000200023c8                __HeapLimit = .

.stack_dummy    0x00000000200003c8     0x2000
 *(.stack*)
 .stack         0x00000000200003c8     0x2000 _build/nrf52840_xxaa/gcc_startup_nrf52840.S.o
                0x0000000020040000                __StackTop = (ORIGIN (RAM) + LENGTH (RAM))
                0x000000002003e000                __StackLimit = (__StackTop - SIZEOF (.stack_dummy))
                0x0000000020040000                PROVIDE (__stack = __StackTop)
                0x0000000000000001                ASSERT ((__StackLimit >= __HeapLimit), region RAM overflowed with stack)
                0x0000000000000088                DataInitFlashUsed = (__bss_start__ - __data_start__)
                0x0000000000002954                CodeFlashUsed = (__etext - ORIGIN (FLASH))
                0x00000000000029dc                TotalFlashUsed = (CodeFlashUsed + DataInitFlashUsed)
                0x0000000000000001                ASSERT ((TotalFlashUsed <= LENGTH (FLASH)), region FLASH overflowed with .data and user data)
OUTPUT(_build/nrf52840_xxaa.out elf32-littlearm)

.ARM.attributes
                0x0000000000000000       0x30
 .ARM.attributes
                0x0000000000000000       0x1e /home/florijan/gnuarmemb/gcc-arm-none-eabi-9-2019-q4-major/bin/../lib/gcc/arm-none-eabi/9.2.1/thumb/v7e-m+fp/hard/crti.o
 .ARM.attributes
                0x000000000000001e       0x34 /home/florijan/gnuarmemb/gcc-arm-none-eabi-9-2019-q4-major/bin/../lib/gcc/arm-none-eabi/9.2.1/thumb/v7e-m+fp/hard/crtbegin.o
 .ARM.attributes
                0x0000000000000052       0x1c /home/florijan/gnuarmemb/gcc-arm-none-eabi-9-2019-q4-major/bin/../lib/gcc/arm-none-eabi/9.2.1/../../../../arm-none-eabi/lib/thumb/v7e-m+fp/hard/crt0.o
 .ARM.attributes
                0x000000000000006e       0x20 _build/nrf52840_xxaa/gcc_startup_nrf52840.S.o
 .ARM.attributes
                0x000000000000008e       0x34 _build/nrf52840_xxaa/boards.c.o
 .ARM.attributes
                0x00000000000000c2       0x34 _build/nrf52840_xxaa/app_error.c.o
 .ARM.attributes
                0x00000000000000f6       0x34 _build/nrf52840_xxaa/app_error_weak.c.o
 .ARM.attributes
                0x000000000000012a       0x34 _build/nrf52840_xxaa/app_fifo.c.o
 .ARM.attributes
                0x000000000000015e       0x34 _build/nrf52840_xxaa/app_uart_fifo.c.o
 .ARM.attributes
                0x0000000000000192       0x34 _build/nrf52840_xxaa/app_util_platform.c.o
 .ARM.attributes
                0x00000000000001c6       0x34 _build/nrf52840_xxaa/retarget.c.o
 .ARM.attributes
                0x00000000000001fa       0x34 _build/nrf52840_xxaa/nrf_drv_uart.c.o
 .ARM.attributes
                0x000000000000022e       0x34 _build/nrf52840_xxaa/nrfx_prs.c.o
 .ARM.attributes
                0x0000000000000262       0x34 _build/nrf52840_xxaa/nrfx_uart.c.o
 .ARM.attributes
                0x0000000000000296       0x34 _build/nrf52840_xxaa/nrfx_uarte.c.o
 .ARM.attributes
                0x00000000000002ca       0x34 _build/nrf52840_xxaa/main.c.o
 .ARM.attributes
                0x00000000000002fe       0x34 _build/nrf52840_xxaa/system_nrf52840.c.o
 .ARM.attributes
                0x0000000000000332       0x34 /home/florijan/gnuarmemb/gcc-arm-none-eabi-9-2019-q4-major/bin/../lib/gcc/arm-none-eabi/9.2.1/../../../../arm-none-eabi/lib/thumb/v7e-m+fp/hard/libc_nano.a(lib_a-exit.o)
 .ARM.attributes
                0x0000000000000366       0x32 /home/florijan/gnuarmemb/gcc-arm-none-eabi-9-2019-q4-major/bin/../lib/gcc/arm-none-eabi/9.2.1/../../../../arm-none-eabi/lib/thumb/v7e-m+fp/hard/libc_nano.a(lib_a-impure.o)
 .ARM.attributes
                0x0000000000000398       0x34 /home/florijan/gnuarmemb/gcc-arm-none-eabi-9-2019-q4-major/bin/../lib/gcc/arm-none-eabi/9.2.1/../../../../arm-none-eabi/lib/thumb/v7e-m+fp/hard/libc_nano.a(lib_a-init.o)
 .ARM.attributes
                0x00000000000003cc       0x34 /home/florijan/gnuarmemb/gcc-arm-none-eabi-9-2019-q4-major/bin/../lib/gcc/arm-none-eabi/9.2.1/../../../../arm-none-eabi/lib/thumb/v7e-m+fp/hard/libc_nano.a(lib_a-memset.o)
 .ARM.attributes
                0x0000000000000400       0x34 /home/florijan/gnuarmemb/gcc-arm-none-eabi-9-2019-q4-major/bin/../lib/gcc/arm-none-eabi/9.2.1/../../../../arm-none-eabi/lib/thumb/v7e-m+fp/hard/libc_nano.a(lib_a-printf.o)
 .ARM.attributes
                0x0000000000000434       0x34 /home/florijan/gnuarmemb/gcc-arm-none-eabi-9-2019-q4-major/bin/../lib/gcc/arm-none-eabi/9.2.1/../../../../arm-none-eabi/lib/thumb/v7e-m+fp/hard/libc_nano.a(lib_a-strstr.o)
 .ARM.attributes
                0x0000000000000468       0x34 /home/florijan/gnuarmemb/gcc-arm-none-eabi-9-2019-q4-major/bin/../lib/gcc/arm-none-eabi/9.2.1/../../../../arm-none-eabi/lib/thumb/v7e-m+fp/hard/libc_nano.a(lib_a-findfp.o)
 .ARM.attributes
                0x000000000000049c       0x34 /home/florijan/gnuarmemb/gcc-arm-none-eabi-9-2019-q4-major/bin/../lib/gcc/arm-none-eabi/9.2.1/../../../../arm-none-eabi/lib/thumb/v7e-m+fp/hard/libc_nano.a(lib_a-fwalk.o)
 .ARM.attributes
                0x00000000000004d0       0x34 /home/florijan/gnuarmemb/gcc-arm-none-eabi-9-2019-q4-major/bin/../lib/gcc/arm-none-eabi/9.2.1/../../../../arm-none-eabi/lib/thumb/v7e-m+fp/hard/libc_nano.a(lib_a-lock.o)
 .ARM.attributes
                0x0000000000000504       0x34 /home/florijan/gnuarmemb/gcc-arm-none-eabi-9-2019-q4-major/bin/../lib/gcc/arm-none-eabi/9.2.1/../../../../arm-none-eabi/lib/thumb/v7e-m+fp/hard/libc_nano.a(lib_a-nano-mallocr.o)
 .ARM.attributes
                0x0000000000000538       0x34 /home/florijan/gnuarmemb/gcc-arm-none-eabi-9-2019-q4-major/bin/../lib/gcc/arm-none-eabi/9.2.1/../../../../arm-none-eabi/lib/thumb/v7e-m+fp/hard/libc_nano.a(lib_a-nano-vfprintf.o)
 .ARM.attributes
                0x000000000000056c       0x34 /home/florijan/gnuarmemb/gcc-arm-none-eabi-9-2019-q4-major/bin/../lib/gcc/arm-none-eabi/9.2.1/../../../../arm-none-eabi/lib/thumb/v7e-m+fp/hard/libc_nano.a(lib_a-nano-vfprintf_i.o)
 .ARM.attributes
                0x00000000000005a0       0x34 /home/florijan/gnuarmemb/gcc-arm-none-eabi-9-2019-q4-major/bin/../lib/gcc/arm-none-eabi/9.2.1/../../../../arm-none-eabi/lib/thumb/v7e-m+fp/hard/libc_nano.a(lib_a-sbrkr.o)
 .ARM.attributes
                0x00000000000005d4       0x34 /home/florijan/gnuarmemb/gcc-arm-none-eabi-9-2019-q4-major/bin/../lib/gcc/arm-none-eabi/9.2.1/../../../../arm-none-eabi/lib/thumb/v7e-m+fp/hard/libc_nano.a(lib_a-stdio.o)
 .ARM.attributes
                0x0000000000000608       0x34 /home/florijan/gnuarmemb/gcc-arm-none-eabi-9-2019-q4-major/bin/../lib/gcc/arm-none-eabi/9.2.1/../../../../arm-none-eabi/lib/thumb/v7e-m+fp/hard/libc_nano.a(lib_a-wbuf.o)
 .ARM.attributes
                0x000000000000063c       0x34 /home/florijan/gnuarmemb/gcc-arm-none-eabi-9-2019-q4-major/bin/../lib/gcc/arm-none-eabi/9.2.1/../../../../arm-none-eabi/lib/thumb/v7e-m+fp/hard/libc_nano.a(lib_a-writer.o)
 .ARM.attributes
                0x0000000000000670       0x34 /home/florijan/gnuarmemb/gcc-arm-none-eabi-9-2019-q4-major/bin/../lib/gcc/arm-none-eabi/9.2.1/../../../../arm-none-eabi/lib/thumb/v7e-m+fp/hard/libc_nano.a(lib_a-wsetup.o)
 .ARM.attributes
                0x00000000000006a4       0x34 /home/florijan/gnuarmemb/gcc-arm-none-eabi-9-2019-q4-major/bin/../lib/gcc/arm-none-eabi/9.2.1/../../../../arm-none-eabi/lib/thumb/v7e-m+fp/hard/libc_nano.a(lib_a-closer.o)
 .ARM.attributes
                0x00000000000006d8       0x34 /home/florijan/gnuarmemb/gcc-arm-none-eabi-9-2019-q4-major/bin/../lib/gcc/arm-none-eabi/9.2.1/../../../../arm-none-eabi/lib/thumb/v7e-m+fp/hard/libc_nano.a(lib_a-fflush.o)
 .ARM.attributes
                0x000000000000070c       0x34 /home/florijan/gnuarmemb/gcc-arm-none-eabi-9-2019-q4-major/bin/../lib/gcc/arm-none-eabi/9.2.1/../../../../arm-none-eabi/lib/thumb/v7e-m+fp/hard/libc_nano.a(lib_a-lseekr.o)
 .ARM.attributes
                0x0000000000000740       0x34 /home/florijan/gnuarmemb/gcc-arm-none-eabi-9-2019-q4-major/bin/../lib/gcc/arm-none-eabi/9.2.1/../../../../arm-none-eabi/lib/thumb/v7e-m+fp/hard/libc_nano.a(lib_a-makebuf.o)
 .ARM.attributes
                0x0000000000000774       0x1c /home/florijan/gnuarmemb/gcc-arm-none-eabi-9-2019-q4-major/bin/../lib/gcc/arm-none-eabi/9.2.1/../../../../arm-none-eabi/lib/thumb/v7e-m+fp/hard/libc_nano.a(lib_a-memchr.o)
 .ARM.attributes
                0x0000000000000790       0x34 /home/florijan/gnuarmemb/gcc-arm-none-eabi-9-2019-q4-major/bin/../lib/gcc/arm-none-eabi/9.2.1/../../../../arm-none-eabi/lib/thumb/v7e-m+fp/hard/libc_nano.a(lib_a-mlock.o)
 .ARM.attributes
                0x00000000000007c4       0x34 /home/florijan/gnuarmemb/gcc-arm-none-eabi-9-2019-q4-major/bin/../lib/gcc/arm-none-eabi/9.2.1/../../../../arm-none-eabi/lib/thumb/v7e-m+fp/hard/libc_nano.a(lib_a-nano-freer.o)
 .ARM.attributes
                0x00000000000007f8       0x34 /home/florijan/gnuarmemb/gcc-arm-none-eabi-9-2019-q4-major/bin/../lib/gcc/arm-none-eabi/9.2.1/../../../../arm-none-eabi/lib/thumb/v7e-m+fp/hard/libc_nano.a(lib_a-readr.o)
 .ARM.attributes
                0x000000000000082c       0x34 /home/florijan/gnuarmemb/gcc-arm-none-eabi-9-2019-q4-major/bin/../lib/gcc/arm-none-eabi/9.2.1/../../../../arm-none-eabi/lib/thumb/v7e-m+fp/hard/libc_nano.a(lib_a-reent.o)
 .ARM.attributes
                0x0000000000000860       0x34 /home/florijan/gnuarmemb/gcc-arm-none-eabi-9-2019-q4-major/bin/../lib/gcc/arm-none-eabi/9.2.1/../../../../arm-none-eabi/lib/thumb/v7e-m+fp/hard/libc_nano.a(lib_a-fstatr.o)
 .ARM.attributes
                0x0000000000000894       0x34 /home/florijan/gnuarmemb/gcc-arm-none-eabi-9-2019-q4-major/bin/../lib/gcc/arm-none-eabi/9.2.1/../../../../arm-none-eabi/lib/thumb/v7e-m+fp/hard/libc_nano.a(lib_a-isattyr.o)
 .ARM.attributes
                0x00000000000008c8       0x34 /home/florijan/gnuarmemb/gcc-arm-none-eabi-9-2019-q4-major/bin/../lib/gcc/arm-none-eabi/9.2.1/../../../../arm-none-eabi/lib/thumb/v7e-m+fp/hard/libnosys.a(close.o)
 .ARM.attributes
                0x00000000000008fc       0x34 /home/florijan/gnuarmemb/gcc-arm-none-eabi-9-2019-q4-major/bin/../lib/gcc/arm-none-eabi/9.2.1/../../../../arm-none-eabi/lib/thumb/v7e-m+fp/hard/libnosys.a(fstat.o)
 .ARM.attributes
                0x0000000000000930       0x34 /home/florijan/gnuarmemb/gcc-arm-none-eabi-9-2019-q4-major/bin/../lib/gcc/arm-none-eabi/9.2.1/../../../../arm-none-eabi/lib/thumb/v7e-m+fp/hard/libnosys.a(isatty.o)
 .ARM.attributes
                0x0000000000000964       0x34 /home/florijan/gnuarmemb/gcc-arm-none-eabi-9-2019-q4-major/bin/../lib/gcc/arm-none-eabi/9.2.1/../../../../arm-none-eabi/lib/thumb/v7e-m+fp/hard/libnosys.a(lseek.o)
 .ARM.attributes
                0x0000000000000998       0x34 /home/florijan/gnuarmemb/gcc-arm-none-eabi-9-2019-q4-major/bin/../lib/gcc/arm-none-eabi/9.2.1/../../../../arm-none-eabi/lib/thumb/v7e-m+fp/hard/libnosys.a(sbrk.o)
 .ARM.attributes
                0x00000000000009cc       0x34 /home/florijan/gnuarmemb/gcc-arm-none-eabi-9-2019-q4-major/bin/../lib/gcc/arm-none-eabi/9.2.1/../../../../arm-none-eabi/lib/thumb/v7e-m+fp/hard/libnosys.a(_exit.o)
 .ARM.attributes
                0x0000000000000a00       0x32 /home/florijan/gnuarmemb/gcc-arm-none-eabi-9-2019-q4-major/bin/../lib/gcc/arm-none-eabi/9.2.1/thumb/v7e-m+fp/hard/crtend.o
 .ARM.attributes
                0x0000000000000a32       0x1e /home/florijan/gnuarmemb/gcc-arm-none-eabi-9-2019-q4-major/bin/../lib/gcc/arm-none-eabi/9.2.1/thumb/v7e-m+fp/hard/crtn.o

.comment        0x0000000000000000       0x79
 .comment       0x0000000000000000       0x79 _build/nrf52840_xxaa/boards.c.o
                                         0x7a (size before relaxing)
 .comment       0x0000000000000079       0x7a _build/nrf52840_xxaa/app_error.c.o
 .comment       0x0000000000000079       0x7a _build/nrf52840_xxaa/app_error_weak.c.o
 .comment       0x0000000000000079       0x7a _build/nrf52840_xxaa/app_fifo.c.o
 .comment       0x0000000000000079       0x7a _build/nrf52840_xxaa/app_uart_fifo.c.o
 .comment       0x0000000000000079       0x7a _build/nrf52840_xxaa/app_util_platform.c.o
 .comment       0x0000000000000079       0x7a _build/nrf52840_xxaa/retarget.c.o
 .comment       0x0000000000000079       0x7a _build/nrf52840_xxaa/nrf_drv_uart.c.o
 .comment       0x0000000000000079       0x7a _build/nrf52840_xxaa/nrfx_prs.c.o
 .comment       0x0000000000000079       0x7a _build/nrf52840_xxaa/nrfx_uart.c.o
 .comment       0x0000000000000079       0x7a _build/nrf52840_xxaa/nrfx_uarte.c.o
 .comment       0x0000000000000079       0x7a _build/nrf52840_xxaa/main.c.o
 .comment       0x0000000000000079       0x7a _build/nrf52840_xxaa/system_nrf52840.c.o

.debug_line     0x0000000000000000     0xa461
 .debug_line    0x0000000000000000       0x89 _build/nrf52840_xxaa/gcc_startup_nrf52840.S.o
 .debug_line    0x0000000000000089     0x1069 _build/nrf52840_xxaa/boards.c.o
 .debug_line    0x00000000000010f2      0x5d0 _build/nrf52840_xxaa/app_error.c.o
 .debug_line    0x00000000000016c2      0x7ad _build/nrf52840_xxaa/app_error_weak.c.o
 .debug_line    0x0000000000001e6f      0x94b _build/nrf52840_xxaa/app_fifo.c.o
 .debug_line    0x00000000000027ba      0xdeb _build/nrf52840_xxaa/app_uart_fifo.c.o
 .debug_line    0x00000000000035a5      0x69c _build/nrf52840_xxaa/app_util_platform.c.o
 .debug_line    0x0000000000003c41      0x603 _build/nrf52840_xxaa/retarget.c.o
 .debug_line    0x0000000000004244      0x873 _build/nrf52840_xxaa/nrf_drv_uart.c.o
 .debug_line    0x0000000000004ab7      0x909 _build/nrf52840_xxaa/nrfx_prs.c.o
 .debug_line    0x00000000000053c0     0x1f3e _build/nrf52840_xxaa/nrfx_uart.c.o
 .debug_line    0x00000000000072fe     0x1ee0 _build/nrf52840_xxaa/nrfx_uarte.c.o
 .debug_line    0x00000000000091de      0x92b _build/nrf52840_xxaa/main.c.o
 .debug_line    0x0000000000009b09      0x958 _build/nrf52840_xxaa/system_nrf52840.c.o

.debug_info     0x0000000000000000    0x15948
 .debug_info    0x0000000000000000       0x26 _build/nrf52840_xxaa/gcc_startup_nrf52840.S.o
 .debug_info    0x0000000000000026     0x1811 _build/nrf52840_xxaa/boards.c.o
 .debug_info    0x0000000000001837      0xb94 _build/nrf52840_xxaa/app_error.c.o
 .debug_info    0x00000000000023cb      0xf2e _build/nrf52840_xxaa/app_error_weak.c.o
 .debug_info    0x00000000000032f9      0xfcd _build/nrf52840_xxaa/app_fifo.c.o
 .debug_info    0x00000000000042c6     0x2198 _build/nrf52840_xxaa/app_uart_fifo.c.o
 .debug_info    0x000000000000645e     0x10e5 _build/nrf52840_xxaa/app_util_platform.c.o
 .debug_info    0x0000000000007543      0xa99 _build/nrf52840_xxaa/retarget.c.o
 .debug_info    0x0000000000007fdc     0x1ad6 _build/nrf52840_xxaa/nrf_drv_uart.c.o
 .debug_info    0x0000000000009ab2     0x119c _build/nrf52840_xxaa/nrfx_prs.c.o
 .debug_info    0x000000000000ac4e     0x42ae _build/nrf52840_xxaa/nrfx_uart.c.o
 .debug_info    0x000000000000eefc     0x423c _build/nrf52840_xxaa/nrfx_uarte.c.o
 .debug_info    0x0000000000013138      0xf27 _build/nrf52840_xxaa/main.c.o
 .debug_info    0x000000000001405f     0x18e9 _build/nrf52840_xxaa/system_nrf52840.c.o

.debug_abbrev   0x0000000000000000     0x2da8
 .debug_abbrev  0x0000000000000000       0x14 _build/nrf52840_xxaa/gcc_startup_nrf52840.S.o
 .debug_abbrev  0x0000000000000014      0x44c _build/nrf52840_xxaa/boards.c.o
 .debug_abbrev  0x0000000000000460      0x276 _build/nrf52840_xxaa/app_error.c.o
 .debug_abbrev  0x00000000000006d6      0x2c6 _build/nrf52840_xxaa/app_error_weak.c.o
 .debug_abbrev  0x000000000000099c      0x2d1 _build/nrf52840_xxaa/app_fifo.c.o
 .debug_abbrev  0x0000000000000c6d      0x416 _build/nrf52840_xxaa/app_uart_fifo.c.o
 .debug_abbrev  0x0000000000001083      0x37a _build/nrf52840_xxaa/app_util_platform.c.o
 .debug_abbrev  0x00000000000013fd      0x24b _build/nrf52840_xxaa/retarget.c.o
 .debug_abbrev  0x0000000000001648      0x2da _build/nrf52840_xxaa/nrf_drv_uart.c.o
 .debug_abbrev  0x0000000000001922      0x34c _build/nrf52840_xxaa/nrfx_prs.c.o
 .debug_abbrev  0x0000000000001c6e      0x58e _build/nrf52840_xxaa/nrfx_uart.c.o
 .debug_abbrev  0x00000000000021fc      0x562 _build/nrf52840_xxaa/nrfx_uarte.c.o
 .debug_abbrev  0x000000000000275e      0x316 _build/nrf52840_xxaa/main.c.o
 .debug_abbrev  0x0000000000002a74      0x334 _build/nrf52840_xxaa/system_nrf52840.c.o

.debug_aranges  0x0000000000000000      0x388
 .debug_aranges
                0x0000000000000000       0x20 _build/nrf52840_xxaa/gcc_startup_nrf52840.S.o
 .debug_aranges
                0x0000000000000020       0x78 _build/nrf52840_xxaa/boards.c.o
 .debug_aranges
                0x0000000000000098       0x28 _build/nrf52840_xxaa/app_error.c.o
 .debug_aranges
                0x00000000000000c0       0x20 _build/nrf52840_xxaa/app_error_weak.c.o
 .debug_aranges
                0x00000000000000e0       0x50 _build/nrf52840_xxaa/app_fifo.c.o
 .debug_aranges
                0x0000000000000130       0x48 _build/nrf52840_xxaa/app_uart_fifo.c.o
 .debug_aranges
                0x0000000000000178       0x48 _build/nrf52840_xxaa/app_util_platform.c.o
 .debug_aranges
                0x00000000000001c0       0x28 _build/nrf52840_xxaa/retarget.c.o
 .debug_aranges
                0x00000000000001e8       0x30 _build/nrf52840_xxaa/nrf_drv_uart.c.o
 .debug_aranges
                0x0000000000000218       0x30 _build/nrf52840_xxaa/nrfx_prs.c.o
 .debug_aranges
                0x0000000000000248       0x78 _build/nrf52840_xxaa/nrfx_uart.c.o
 .debug_aranges
                0x00000000000002c0       0x68 _build/nrf52840_xxaa/nrfx_uarte.c.o
 .debug_aranges
                0x0000000000000328       0x28 _build/nrf52840_xxaa/main.c.o
 .debug_aranges
                0x0000000000000350       0x38 _build/nrf52840_xxaa/system_nrf52840.c.o

.debug_str      0x0000000000000000    0x966e9
 .debug_str     0x0000000000000000       0x8e _build/nrf52840_xxaa/gcc_startup_nrf52840.S.o
 .debug_str     0x000000000000008e    0x8726d _build/nrf52840_xxaa/boards.c.o
                                      0x88624 (size before relaxing)
 .debug_str     0x00000000000872fb      0x116 _build/nrf52840_xxaa/app_error.c.o
                                      0x7a2c9 (size before relaxing)
 .debug_str     0x0000000000087411     0x32a1 _build/nrf52840_xxaa/app_error_weak.c.o
                                      0x87364 (size before relaxing)
 .debug_str     0x000000000008a6b2      0x224 _build/nrf52840_xxaa/app_fifo.c.o
                                      0x839aa (size before relaxing)
 .debug_str     0x000000000008a8d6     0x1677 _build/nrf52840_xxaa/app_uart_fifo.c.o
                                      0x88b91 (size before relaxing)
 .debug_str     0x000000000008bf4d      0x37e _build/nrf52840_xxaa/app_util_platform.c.o
                                      0x7ab26 (size before relaxing)
 .debug_str     0x000000000008c2cb       0x3e _build/nrf52840_xxaa/retarget.c.o
                                      0x847fb (size before relaxing)
 .debug_str     0x000000000008c309      0x481 _build/nrf52840_xxaa/nrf_drv_uart.c.o
                                      0x88281 (size before relaxing)
 .debug_str     0x000000000008c78a      0x652 _build/nrf52840_xxaa/nrfx_prs.c.o
                                      0x8a34e (size before relaxing)
 .debug_str     0x000000000008cddc      0x75d _build/nrf52840_xxaa/nrfx_uart.c.o
                                      0x8b553 (size before relaxing)
 .debug_str     0x000000000008d539      0x94b _build/nrf52840_xxaa/nrfx_uarte.c.o
                                      0x8b9e7 (size before relaxing)
 .debug_str     0x000000000008de84      0x3a0 _build/nrf52840_xxaa/main.c.o
                                      0x88bc1 (size before relaxing)
 .debug_str     0x000000000008e224     0x84c5 _build/nrf52840_xxaa/system_nrf52840.c.o
                                      0x7eb49 (size before relaxing)

.debug_loc      0x0000000000000000     0x68c3
 .debug_loc     0x0000000000000000      0xe10 _build/nrf52840_xxaa/boards.c.o
 .debug_loc     0x0000000000000e10       0xc8 _build/nrf52840_xxaa/app_error.c.o
 .debug_loc     0x0000000000000ed8       0x4a _build/nrf52840_xxaa/app_error_weak.c.o
 .debug_loc     0x0000000000000f22      0x783 _build/nrf52840_xxaa/app_fifo.c.o
 .debug_loc     0x00000000000016a5      0x96e _build/nrf52840_xxaa/app_uart_fifo.c.o
 .debug_loc     0x0000000000002013      0x11a _build/nrf52840_xxaa/app_util_platform.c.o
 .debug_loc     0x000000000000212d       0xf1 _build/nrf52840_xxaa/retarget.c.o
 .debug_loc     0x000000000000221e      0x1d6 _build/nrf52840_xxaa/nrf_drv_uart.c.o
 .debug_loc     0x00000000000023f4      0x10e _build/nrf52840_xxaa/nrfx_prs.c.o
 .debug_loc     0x0000000000002502     0x203e _build/nrf52840_xxaa/nrfx_uart.c.o
 .debug_loc     0x0000000000004540     0x2033 _build/nrf52840_xxaa/nrfx_uarte.c.o
 .debug_loc     0x0000000000006573       0xd8 _build/nrf52840_xxaa/main.c.o
 .debug_loc     0x000000000000664b      0x278 _build/nrf52840_xxaa/system_nrf52840.c.o

.debug_ranges   0x0000000000000000     0x1b38
 .debug_ranges  0x0000000000000000      0x8a8 _build/nrf52840_xxaa/boards.c.o
 .debug_ranges  0x00000000000008a8       0x18 _build/nrf52840_xxaa/app_error.c.o
 .debug_ranges  0x00000000000008c0       0x10 _build/nrf52840_xxaa/app_error_weak.c.o
 .debug_ranges  0x00000000000008d0      0x160 _build/nrf52840_xxaa/app_fifo.c.o
 .debug_ranges  0x0000000000000a30      0x158 _build/nrf52840_xxaa/app_uart_fifo.c.o
 .debug_ranges  0x0000000000000b88       0x38 _build/nrf52840_xxaa/app_util_platform.c.o
 .debug_ranges  0x0000000000000bc0       0x18 _build/nrf52840_xxaa/retarget.c.o
 .debug_ranges  0x0000000000000bd8       0x20 _build/nrf52840_xxaa/nrf_drv_uart.c.o
 .debug_ranges  0x0000000000000bf8       0x38 _build/nrf52840_xxaa/nrfx_prs.c.o
 .debug_ranges  0x0000000000000c30      0x6b8 _build/nrf52840_xxaa/nrfx_uart.c.o
 .debug_ranges  0x00000000000012e8      0x680 _build/nrf52840_xxaa/nrfx_uarte.c.o
 .debug_ranges  0x0000000000001968       0x78 _build/nrf52840_xxaa/main.c.o
 .debug_ranges  0x00000000000019e0      0x158 _build/nrf52840_xxaa/system_nrf52840.c.o

.debug_macro    0x0000000000000000     0x5bb7
 .debug_macro   0x0000000000000000      0x349 _build/nrf52840_xxaa/boards.c.o
 .debug_macro   0x0000000000000349      0x101 _build/nrf52840_xxaa/boards.c.o
 .debug_macro   0x000000000000044a       0x40 _build/nrf52840_xxaa/boards.c.o
 .debug_macro   0x000000000000048a      0x462 _build/nrf52840_xxaa/boards.c.o
 .debug_macro   0x00000000000008ec       0x59 _build/nrf52840_xxaa/boards.c.o
 .debug_macro   0x0000000000000945      0x145 _build/nrf52840_xxaa/boards.c.o
 .debug_macro   0x0000000000000a8a      0x14e _build/nrf52840_xxaa/boards.c.o
 .debug_macro   0x0000000000000bd8       0x3f _build/nrf52840_xxaa/boards.c.o
 .debug_macro   0x0000000000000c17       0x16 _build/nrf52840_xxaa/boards.c.o
 .debug_macro   0x0000000000000c2d      0x356 _build/nrf52840_xxaa/boards.c.o
 .debug_macro   0x0000000000000f83       0x10 _build/nrf52840_xxaa/boards.c.o
 .debug_macro   0x0000000000000f93       0x10 _build/nrf52840_xxaa/boards.c.o
 .debug_macro   0x0000000000000fa3       0xb6 _build/nrf52840_xxaa/boards.c.o
 .debug_macro   0x0000000000001059       0x16 _build/nrf52840_xxaa/boards.c.o
 .debug_macro   0x000000000000106f      0x129 _build/nrf52840_xxaa/boards.c.o
 .debug_macro   0x0000000000001198       0x49 _build/nrf52840_xxaa/boards.c.o
 .debug_macro   0x00000000000011e1       0x8c _build/nrf52840_xxaa/boards.c.o
 .debug_macro   0x000000000000126d       0x19 _build/nrf52840_xxaa/boards.c.o
 .debug_macro   0x0000000000001286       0x1d _build/nrf52840_xxaa/boards.c.o
 .debug_macro   0x00000000000012a3       0x35 _build/nrf52840_xxaa/boards.c.o
 .debug_macro   0x00000000000012d8       0x7b _build/nrf52840_xxaa/boards.c.o
 .debug_macro   0x0000000000001353       0x64 _build/nrf52840_xxaa/boards.c.o
 .debug_macro   0x00000000000013b7       0x20 _build/nrf52840_xxaa/boards.c.o
 .debug_macro   0x00000000000013d7       0x1c _build/nrf52840_xxaa/boards.c.o
 .debug_macro   0x00000000000013f3      0x208 _build/nrf52840_xxaa/boards.c.o
 .debug_macro   0x00000000000015fb      0x16d _build/nrf52840_xxaa/boards.c.o
 .debug_macro   0x0000000000001768      0x228 _build/nrf52840_xxaa/app_error.c.o
 .debug_macro   0x0000000000001990       0x97 _build/nrf52840_xxaa/app_error.c.o
 .debug_macro   0x0000000000001a27       0xf6 _build/nrf52840_xxaa/app_error.c.o
 .debug_macro   0x0000000000001b1d      0x31d _build/nrf52840_xxaa/app_error_weak.c.o
 .debug_macro   0x0000000000001e3a       0xfb _build/nrf52840_xxaa/app_error_weak.c.o
 .debug_macro   0x0000000000001f35       0x16 _build/nrf52840_xxaa/app_error_weak.c.o
 .debug_macro   0x0000000000001f4b       0x31 _build/nrf52840_xxaa/app_error_weak.c.o
 .debug_macro   0x0000000000001f7c       0x16 _build/nrf52840_xxaa/app_error_weak.c.o
 .debug_macro   0x0000000000001f92       0x55 _build/nrf52840_xxaa/app_error_weak.c.o
 .debug_macro   0x0000000000001fe7      0x17f _build/nrf52840_xxaa/app_error_weak.c.o
 .debug_macro   0x0000000000002166       0x9a _build/nrf52840_xxaa/app_error_weak.c.o
 .debug_macro   0x0000000000002200       0x28 _build/nrf52840_xxaa/app_error_weak.c.o
 .debug_macro   0x0000000000002228       0x23 _build/nrf52840_xxaa/app_error_weak.c.o
 .debug_macro   0x000000000000224b       0x1c _build/nrf52840_xxaa/app_error_weak.c.o
 .debug_macro   0x0000000000002267       0x92 _build/nrf52840_xxaa/app_error_weak.c.o
 .debug_macro   0x00000000000022f9      0x24e _build/nrf52840_xxaa/app_fifo.c.o
 .debug_macro   0x0000000000002547       0x16 _build/nrf52840_xxaa/app_fifo.c.o
 .debug_macro   0x000000000000255d       0x22 _build/nrf52840_xxaa/app_fifo.c.o
 .debug_macro   0x000000000000257f      0x3f2 _build/nrf52840_xxaa/app_uart_fifo.c.o
 .debug_macro   0x0000000000002971       0x18 _build/nrf52840_xxaa/app_uart_fifo.c.o
 .debug_macro   0x0000000000002989       0x10 _build/nrf52840_xxaa/app_uart_fifo.c.o
 .debug_macro   0x0000000000002999       0x10 _build/nrf52840_xxaa/app_uart_fifo.c.o
 .debug_macro   0x00000000000029a9       0x10 _build/nrf52840_xxaa/app_uart_fifo.c.o
 .debug_macro   0x00000000000029b9       0x10 _build/nrf52840_xxaa/app_uart_fifo.c.o
 .debug_macro   0x00000000000029c9       0x10 _build/nrf52840_xxaa/app_uart_fifo.c.o
 .debug_macro   0x00000000000029d9       0x3f _build/nrf52840_xxaa/app_uart_fifo.c.o
 .debug_macro   0x0000000000002a18      0x244 _build/nrf52840_xxaa/app_util_platform.c.o
 .debug_macro   0x0000000000002c5c       0xe9 _build/nrf52840_xxaa/app_util_platform.c.o
 .debug_macro   0x0000000000002d45      0x2ac _build/nrf52840_xxaa/retarget.c.o
 .debug_macro   0x0000000000002ff1      0x372 _build/nrf52840_xxaa/nrf_drv_uart.c.o
 .debug_macro   0x0000000000003363      0x3d5 _build/nrf52840_xxaa/nrfx_prs.c.o
 .debug_macro   0x0000000000003738       0x28 _build/nrf52840_xxaa/nrfx_prs.c.o
 .debug_macro   0x0000000000003760       0x1c _build/nrf52840_xxaa/nrfx_prs.c.o
 .debug_macro   0x000000000000377c       0x37 _build/nrf52840_xxaa/nrfx_prs.c.o
 .debug_macro   0x00000000000037b3       0x10 _build/nrf52840_xxaa/nrfx_prs.c.o
 .debug_macro   0x00000000000037c3      0x179 _build/nrf52840_xxaa/nrfx_prs.c.o
 .debug_macro   0x000000000000393c       0x42 _build/nrf52840_xxaa/nrfx_prs.c.o
 .debug_macro   0x000000000000397e      0x3f0 _build/nrf52840_xxaa/nrfx_uart.c.o
 .debug_macro   0x0000000000003d6e       0x22 _build/nrf52840_xxaa/nrfx_uart.c.o
 .debug_macro   0x0000000000003d90      0x40e _build/nrf52840_xxaa/nrfx_uarte.c.o
 .debug_macro   0x000000000000419e      0x3b7 _build/nrf52840_xxaa/main.c.o
 .debug_macro   0x0000000000004555      0x158 _build/nrf52840_xxaa/system_nrf52840.c.o
 .debug_macro   0x00000000000046ad      0x44e _build/nrf52840_xxaa/system_nrf52840.c.o
 .debug_macro   0x0000000000004afb      0xa28 _build/nrf52840_xxaa/system_nrf52840.c.o
 .debug_macro   0x0000000000005523      0x520 _build/nrf52840_xxaa/system_nrf52840.c.o
 .debug_macro   0x0000000000005a43      0x164 _build/nrf52840_xxaa/system_nrf52840.c.o
 .debug_macro   0x0000000000005ba7       0x10 _build/nrf52840_xxaa/system_nrf52840.c.o

.debug_frame    0x0000000000000000     0x11d0
 .debug_frame   0x0000000000000000       0xf8 _build/nrf52840_xxaa/boards.c.o
 .debug_frame   0x00000000000000f8       0x54 _build/nrf52840_xxaa/app_error.c.o
 .debug_frame   0x000000000000014c       0x20 _build/nrf52840_xxaa/app_error_weak.c.o
 .debug_frame   0x000000000000016c      0x110 _build/nrf52840_xxaa/app_fifo.c.o
 .debug_frame   0x000000000000027c       0xec _build/nrf52840_xxaa/app_uart_fifo.c.o
 .debug_frame   0x0000000000000368       0x70 _build/nrf52840_xxaa/app_util_platform.c.o
 .debug_frame   0x00000000000003d8       0x44 _build/nrf52840_xxaa/retarget.c.o
 .debug_frame   0x000000000000041c       0x80 _build/nrf52840_xxaa/nrf_drv_uart.c.o
 .debug_frame   0x000000000000049c       0x4c _build/nrf52840_xxaa/nrfx_prs.c.o
 .debug_frame   0x00000000000004e8      0x18c _build/nrf52840_xxaa/nrfx_uart.c.o
 .debug_frame   0x0000000000000674      0x19c _build/nrf52840_xxaa/nrfx_uarte.c.o
 .debug_frame   0x0000000000000810       0x60 _build/nrf52840_xxaa/main.c.o
 .debug_frame   0x0000000000000870       0x5c _build/nrf52840_xxaa/system_nrf52840.c.o
 .debug_frame   0x00000000000008cc       0x28 /home/florijan/gnuarmemb/gcc-arm-none-eabi-9-2019-q4-major/bin/../lib/gcc/arm-none-eabi/9.2.1/../../../../arm-none-eabi/lib/thumb/v7e-m+fp/hard/libc_nano.a(lib_a-exit.o)
 .debug_frame   0x00000000000008f4       0x2c /home/florijan/gnuarmemb/gcc-arm-none-eabi-9-2019-q4-major/bin/../lib/gcc/arm-none-eabi/9.2.1/../../../../arm-none-eabi/lib/thumb/v7e-m+fp/hard/libc_nano.a(lib_a-init.o)
 .debug_frame   0x0000000000000920       0x20 /home/florijan/gnuarmemb/gcc-arm-none-eabi-9-2019-q4-major/bin/../lib/gcc/arm-none-eabi/9.2.1/../../../../arm-none-eabi/lib/thumb/v7e-m+fp/hard/libc_nano.a(lib_a-memset.o)
 .debug_frame   0x0000000000000940       0x74 /home/florijan/gnuarmemb/gcc-arm-none-eabi-9-2019-q4-major/bin/../lib/gcc/arm-none-eabi/9.2.1/../../../../arm-none-eabi/lib/thumb/v7e-m+fp/hard/libc_nano.a(lib_a-printf.o)
 .debug_frame   0x00000000000009b4       0x30 /home/florijan/gnuarmemb/gcc-arm-none-eabi-9-2019-q4-major/bin/../lib/gcc/arm-none-eabi/9.2.1/../../../../arm-none-eabi/lib/thumb/v7e-m+fp/hard/libc_nano.a(lib_a-strstr.o)
 .debug_frame   0x00000000000009e4      0x14c /home/florijan/gnuarmemb/gcc-arm-none-eabi-9-2019-q4-major/bin/../lib/gcc/arm-none-eabi/9.2.1/../../../../arm-none-eabi/lib/thumb/v7e-m+fp/hard/libc_nano.a(lib_a-findfp.o)
 .debug_frame   0x0000000000000b30       0x54 /home/florijan/gnuarmemb/gcc-arm-none-eabi-9-2019-q4-major/bin/../lib/gcc/arm-none-eabi/9.2.1/../../../../arm-none-eabi/lib/thumb/v7e-m+fp/hard/libc_nano.a(lib_a-fwalk.o)
 .debug_frame   0x0000000000000b84       0xb0 /home/florijan/gnuarmemb/gcc-arm-none-eabi-9-2019-q4-major/bin/../lib/gcc/arm-none-eabi/9.2.1/../../../../arm-none-eabi/lib/thumb/v7e-m+fp/hard/libc_nano.a(lib_a-lock.o)
 .debug_frame   0x0000000000000c34       0x30 /home/florijan/gnuarmemb/gcc-arm-none-eabi-9-2019-q4-major/bin/../lib/gcc/arm-none-eabi/9.2.1/../../../../arm-none-eabi/lib/thumb/v7e-m+fp/hard/libc_nano.a(lib_a-nano-mallocr.o)
 .debug_frame   0x0000000000000c64       0xac /home/florijan/gnuarmemb/gcc-arm-none-eabi-9-2019-q4-major/bin/../lib/gcc/arm-none-eabi/9.2.1/../../../../arm-none-eabi/lib/thumb/v7e-m+fp/hard/libc_nano.a(lib_a-nano-vfprintf.o)
 .debug_frame   0x0000000000000d10       0x60 /home/florijan/gnuarmemb/gcc-arm-none-eabi-9-2019-q4-major/bin/../lib/gcc/arm-none-eabi/9.2.1/../../../../arm-none-eabi/lib/thumb/v7e-m+fp/hard/libc_nano.a(lib_a-nano-vfprintf_i.o)
 .debug_frame   0x0000000000000d70       0x2c /home/florijan/gnuarmemb/gcc-arm-none-eabi-9-2019-q4-major/bin/../lib/gcc/arm-none-eabi/9.2.1/../../../../arm-none-eabi/lib/thumb/v7e-m+fp/hard/libc_nano.a(lib_a-sbrkr.o)
 .debug_frame   0x0000000000000d9c       0x88 /home/florijan/gnuarmemb/gcc-arm-none-eabi-9-2019-q4-major/bin/../lib/gcc/arm-none-eabi/9.2.1/../../../../arm-none-eabi/lib/thumb/v7e-m+fp/hard/libc_nano.a(lib_a-stdio.o)
 .debug_frame   0x0000000000000e24       0x40 /home/florijan/gnuarmemb/gcc-arm-none-eabi-9-2019-q4-major/bin/../lib/gcc/arm-none-eabi/9.2.1/../../../../arm-none-eabi/lib/thumb/v7e-m+fp/hard/libc_nano.a(lib_a-wbuf.o)
 .debug_frame   0x0000000000000e64       0x2c /home/florijan/gnuarmemb/gcc-arm-none-eabi-9-2019-q4-major/bin/../lib/gcc/arm-none-eabi/9.2.1/../../../../arm-none-eabi/lib/thumb/v7e-m+fp/hard/libc_nano.a(lib_a-writer.o)
 .debug_frame   0x0000000000000e90       0x2c /home/florijan/gnuarmemb/gcc-arm-none-eabi-9-2019-q4-major/bin/../lib/gcc/arm-none-eabi/9.2.1/../../../../arm-none-eabi/lib/thumb/v7e-m+fp/hard/libc_nano.a(lib_a-wsetup.o)
 .debug_frame   0x0000000000000ebc       0x2c /home/florijan/gnuarmemb/gcc-arm-none-eabi-9-2019-q4-major/bin/../lib/gcc/arm-none-eabi/9.2.1/../../../../arm-none-eabi/lib/thumb/v7e-m+fp/hard/libc_nano.a(lib_a-closer.o)
 .debug_frame   0x0000000000000ee8       0x5c /home/florijan/gnuarmemb/gcc-arm-none-eabi-9-2019-q4-major/bin/../lib/gcc/arm-none-eabi/9.2.1/../../../../arm-none-eabi/lib/thumb/v7e-m+fp/hard/libc_nano.a(lib_a-fflush.o)
 .debug_frame   0x0000000000000f44       0x2c /home/florijan/gnuarmemb/gcc-arm-none-eabi-9-2019-q4-major/bin/../lib/gcc/arm-none-eabi/9.2.1/../../../../arm-none-eabi/lib/thumb/v7e-m+fp/hard/libc_nano.a(lib_a-lseekr.o)
 .debug_frame   0x0000000000000f70       0x58 /home/florijan/gnuarmemb/gcc-arm-none-eabi-9-2019-q4-major/bin/../lib/gcc/arm-none-eabi/9.2.1/../../../../arm-none-eabi/lib/thumb/v7e-m+fp/hard/libc_nano.a(lib_a-makebuf.o)
 .debug_frame   0x0000000000000fc8       0x30 /home/florijan/gnuarmemb/gcc-arm-none-eabi-9-2019-q4-major/bin/../lib/gcc/arm-none-eabi/9.2.1/../../../../arm-none-eabi/lib/thumb/v7e-m+fp/hard/libc_nano.a(lib_a-mlock.o)
 .debug_frame   0x0000000000000ff8       0x38 /home/florijan/gnuarmemb/gcc-arm-none-eabi-9-2019-q4-major/bin/../lib/gcc/arm-none-eabi/9.2.1/../../../../arm-none-eabi/lib/thumb/v7e-m+fp/hard/libc_nano.a(lib_a-nano-freer.o)
 .debug_frame   0x0000000000001030       0x2c /home/florijan/gnuarmemb/gcc-arm-none-eabi-9-2019-q4-major/bin/../lib/gcc/arm-none-eabi/9.2.1/../../../../arm-none-eabi/lib/thumb/v7e-m+fp/hard/libc_nano.a(lib_a-readr.o)
 .debug_frame   0x000000000000105c       0x5c /home/florijan/gnuarmemb/gcc-arm-none-eabi-9-2019-q4-major/bin/../lib/gcc/arm-none-eabi/9.2.1/../../../../arm-none-eabi/lib/thumb/v7e-m+fp/hard/libc_nano.a(lib_a-reent.o)
 .debug_frame   0x00000000000010b8       0x2c /home/florijan/gnuarmemb/gcc-arm-none-eabi-9-2019-q4-major/bin/../lib/gcc/arm-none-eabi/9.2.1/../../../../arm-none-eabi/lib/thumb/v7e-m+fp/hard/libc_nano.a(lib_a-fstatr.o)
 .debug_frame   0x00000000000010e4       0x2c /home/florijan/gnuarmemb/gcc-arm-none-eabi-9-2019-q4-major/bin/../lib/gcc/arm-none-eabi/9.2.1/../../../../arm-none-eabi/lib/thumb/v7e-m+fp/hard/libc_nano.a(lib_a-isattyr.o)
 .debug_frame   0x0000000000001110       0x20 /home/florijan/gnuarmemb/gcc-arm-none-eabi-9-2019-q4-major/bin/../lib/gcc/arm-none-eabi/9.2.1/../../../../arm-none-eabi/lib/thumb/v7e-m+fp/hard/libnosys.a(close.o)
 .debug_frame   0x0000000000001130       0x20 /home/florijan/gnuarmemb/gcc-arm-none-eabi-9-2019-q4-major/bin/../lib/gcc/arm-none-eabi/9.2.1/../../../../arm-none-eabi/lib/thumb/v7e-m+fp/hard/libnosys.a(fstat.o)
 .debug_frame   0x0000000000001150       0x20 /home/florijan/gnuarmemb/gcc-arm-none-eabi-9-2019-q4-major/bin/../lib/gcc/arm-none-eabi/9.2.1/../../../../arm-none-eabi/lib/thumb/v7e-m+fp/hard/libnosys.a(isatty.o)
 .debug_frame   0x0000000000001170       0x20 /home/florijan/gnuarmemb/gcc-arm-none-eabi-9-2019-q4-major/bin/../lib/gcc/arm-none-eabi/9.2.1/../../../../arm-none-eabi/lib/thumb/v7e-m+fp/hard/libnosys.a(lseek.o)
 .debug_frame   0x0000000000001190       0x20 /home/florijan/gnuarmemb/gcc-arm-none-eabi-9-2019-q4-major/bin/../lib/gcc/arm-none-eabi/9.2.1/../../../../arm-none-eabi/lib/thumb/v7e-m+fp/hard/libnosys.a(sbrk.o)
 .debug_frame   0x00000000000011b0       0x20 /home/florijan/gnuarmemb/gcc-arm-none-eabi-9-2019-q4-major/bin/../lib/gcc/arm-none-eabi/9.2.1/../../../../arm-none-eabi/lib/thumb/v7e-m+fp/hard/libnosys.a(_exit.o)

.stab           0x0000000000000000       0x6c
 .stab          0x0000000000000000       0x24 /home/florijan/gnuarmemb/gcc-arm-none-eabi-9-2019-q4-major/bin/../lib/gcc/arm-none-eabi/9.2.1/../../../../arm-none-eabi/lib/thumb/v7e-m+fp/hard/libnosys.a(close.o)
 .stab          0x0000000000000024       0x18 /home/florijan/gnuarmemb/gcc-arm-none-eabi-9-2019-q4-major/bin/../lib/gcc/arm-none-eabi/9.2.1/../../../../arm-none-eabi/lib/thumb/v7e-m+fp/hard/libnosys.a(fstat.o)
                                         0x24 (size before relaxing)
 .stab          0x000000000000003c       0x18 /home/florijan/gnuarmemb/gcc-arm-none-eabi-9-2019-q4-major/bin/../lib/gcc/arm-none-eabi/9.2.1/../../../../arm-none-eabi/lib/thumb/v7e-m+fp/hard/libnosys.a(isatty.o)
                                         0x24 (size before relaxing)
 .stab          0x0000000000000054       0x18 /home/florijan/gnuarmemb/gcc-arm-none-eabi-9-2019-q4-major/bin/../lib/gcc/arm-none-eabi/9.2.1/../../../../arm-none-eabi/lib/thumb/v7e-m+fp/hard/libnosys.a(lseek.o)
                                         0x24 (size before relaxing)

.stabstr        0x0000000000000000       0xe3
 .stabstr       0x0000000000000000       0xe3 /home/florijan/gnuarmemb/gcc-arm-none-eabi-9-2019-q4-major/bin/../lib/gcc/arm-none-eabi/9.2.1/../../../../arm-none-eabi/lib/thumb/v7e-m+fp/hard/libnosys.a(close.o)
